Archive member included to satisfy reference by file (symbol)

/Users/dragonix22/Library/Application Support/Code/User/globalStorage/vexrobotics.vexcode/sdk/cpp/V5/V5_20240802_15_00_00/vexv5/libv5rt.a(v5_startup.c.obj)
                              (vexStartup)
/Users/dragonix22/Library/Application Support/Code/User/globalStorage/vexrobotics.vexcode/sdk/cpp/V5/V5_20240802_15_00_00/vexv5/libv5rt.a(v5_util.c.obj)
                              /Users/dragonix22/Library/Application Support/Code/User/globalStorage/vexrobotics.vexcode/sdk/cpp/V5/V5_20240802_15_00_00/vexv5/libv5rt.a(v5_startup.c.obj) (vexStdlibVersionLinked)
/Users/dragonix22/Library/Application Support/Code/User/globalStorage/vexrobotics.vexcode/sdk/cpp/V5/V5_20240802_15_00_00/vexv5/libv5rt.a(v5_apijump.c.obj)
                              /Users/dragonix22/Library/Application Support/Code/User/globalStorage/vexrobotics.vexcode/sdk/cpp/V5/V5_20240802_15_00_00/vexv5/libv5rt.a(v5_startup.c.obj) (vexPrivateApiEnable)
/Users/dragonix22/Library/Application Support/Code/User/globalStorage/vexrobotics.vexcode/sdk/cpp/V5/V5_20240802_15_00_00/vexv5/libv5rt.a(v5_apiversions.c.obj)
                              /Users/dragonix22/Library/Application Support/Code/User/globalStorage/vexrobotics.vexcode/sdk/cpp/V5/V5_20240802_15_00_00/vexv5/libv5rt.a(v5_apijump.c.obj) (vexSystemVersion)
/Users/dragonix22/Library/Application Support/Code/User/globalStorage/vexrobotics.vexcode/sdk/cpp/V5/V5_20240802_15_00_00/vexv5/libv5rt.a(vex_global.cpp.obj)
                              build/src/main.o (vex::wait(double, vex::timeUnits))
/Users/dragonix22/Library/Application Support/Code/User/globalStorage/vexrobotics.vexcode/sdk/cpp/V5/V5_20240802_15_00_00/vexv5/libv5rt.a(vex_motor.cpp.obj)
                              build/src/main.o (vex::motor::~motor())
/Users/dragonix22/Library/Application Support/Code/User/globalStorage/vexrobotics.vexcode/sdk/cpp/V5/V5_20240802_15_00_00/vexv5/libv5rt.a(vex_imu.cpp.obj)
                              build/src/main.o (vex::inertial::~inertial())
/Users/dragonix22/Library/Application Support/Code/User/globalStorage/vexrobotics.vexcode/sdk/cpp/V5/V5_20240802_15_00_00/vexv5/libv5rt.a(vex_controller.cpp.obj)
                              build/src/main.o (vex::controller::~controller())
/Users/dragonix22/Library/Application Support/Code/User/globalStorage/vexrobotics.vexcode/sdk/cpp/V5/V5_20240802_15_00_00/vexv5/libv5rt.a(vex_thread.cpp.obj)
                              build/src/main.o (vex::thread::thread(int (*)()))
/Users/dragonix22/Library/Application Support/Code/User/globalStorage/vexrobotics.vexcode/sdk/cpp/V5/V5_20240802_15_00_00/vexv5/libv5rt.a(vex_event.cpp.obj)
                              /Users/dragonix22/Library/Application Support/Code/User/globalStorage/vexrobotics.vexcode/sdk/cpp/V5/V5_20240802_15_00_00/vexv5/libv5rt.a(vex_imu.cpp.obj) (vex::event::init(unsigned long, unsigned long, void (*)()))
/Users/dragonix22/Library/Application Support/Code/User/globalStorage/vexrobotics.vexcode/sdk/cpp/V5/V5_20240802_15_00_00/vexv5/libv5rt.a(vex_mevent.cpp.obj)
                              /Users/dragonix22/Library/Application Support/Code/User/globalStorage/vexrobotics.vexcode/sdk/cpp/V5/V5_20240802_15_00_00/vexv5/libv5rt.a(vex_controller.cpp.obj) (vex::mevent::mevent(unsigned long, unsigned long))
/Users/dragonix22/Library/Application Support/Code/User/globalStorage/vexrobotics.vexcode/sdk/cpp/V5/V5_20240802_15_00_00/vexv5/libv5rt.a(vex_brain.cpp.obj)
                              build/src/main.o (vex::brain::lcd::setFont(vex::fontType))
/Users/dragonix22/Library/Application Support/Code/User/globalStorage/vexrobotics.vexcode/sdk/cpp/V5/V5_20240802_15_00_00/vexv5/libv5rt.a(vex_competition.cpp.obj)
                              build/src/main.o (vex::competition::competition())
/Users/dragonix22/Library/Application Support/Code/User/globalStorage/vexrobotics.vexcode/sdk/cpp/V5/V5_20240802_15_00_00/vexv5/libv5rt.a(vex_triport.cpp.obj)
                              /Users/dragonix22/Library/Application Support/Code/User/globalStorage/vexrobotics.vexcode/sdk/cpp/V5/V5_20240802_15_00_00/vexv5/libv5rt.a(vex_brain.cpp.obj) (vex::triport::~triport())
/Users/dragonix22/Library/Application Support/Code/User/globalStorage/vexrobotics.vexcode/sdk/cpp/V5/V5_20240802_15_00_00/vexv5/libv5rt.a(vex_color.cpp.obj)
                              /Users/dragonix22/Library/Application Support/Code/User/globalStorage/vexrobotics.vexcode/sdk/cpp/V5/V5_20240802_15_00_00/vexv5/libv5rt.a(vex_brain.cpp.obj) (vex::color::operator unsigned long() const)
/Users/dragonix22/Library/Application Support/Code/User/globalStorage/vexrobotics.vexcode/sdk/cpp/V5/V5_20240802_15_00_00/vexv5/libv5rt.a(vex_timer.cpp.obj)
                              /Users/dragonix22/Library/Application Support/Code/User/globalStorage/vexrobotics.vexcode/sdk/cpp/V5/V5_20240802_15_00_00/vexv5/libv5rt.a(vex_brain.cpp.obj) (vex::timer::~timer())
[...]
Memory Configuration

Name             Origin             Length             Attributes
ps7_ddr_0_S_AXI_BASEADDR 0x0000000003800000 0x0000000004800000
*default*        0x0000000000000000 0xffffffffffffffff

Linker script and memory map

                0x0000000000002000                _STACK_SIZE = DEFINED (_STACK_SIZE)?_STACK_SIZE:0x2000
                0x0000000000100000                _HEAP_SIZE = DEFINED (_HEAP_SIZE)?_HEAP_SIZE:0x100000
                0x0000000000000400                _ABORT_STACK_SIZE = DEFINED (_ABORT_STACK_SIZE)?_ABORT_STACK_SIZE:0x400
                0x0000000000000800                _SUPERVISOR_STACK_SIZE = DEFINED (_SUPERVISOR_STACK_SIZE)?_SUPERVISOR_STACK_SIZE:0x800
                0x0000000000000400                _IRQ_STACK_SIZE = DEFINED (_IRQ_STACK_SIZE)?_IRQ_STACK_SIZE:0x400
                0x0000000000000400                _FIQ_STACK_SIZE = DEFINED (_FIQ_STACK_SIZE)?_FIQ_STACK_SIZE:0x400
                0x0000000000000400                _UNDEF_STACK_SIZE = DEFINED (_UNDEF_STACK_SIZE)?_UNDEF_STACK_SIZE:0x400

.text           0x0000000003800000     0x4490
 *(.vectors)
 *(.boot_data)
 .boot_data     0x0000000003800000       0x20 /Users/dragonix22/Library/Application Support/Code/User/globalStorage/vexrobotics.vexcode/sdk/cpp/V5/V5_20240802_15_00_00/vexv5/libv5rt.a(v5_startup.c.obj)
                0x0000000003800000                vexCodeSig
                0x0000000000000020                . = 0x20
 *(.boot)
 .boot          0x0000000003800020       0xbc /Users/dragonix22/Library/Application Support/Code/User/globalStorage/vexrobotics.vexcode/sdk/cpp/V5/V5_20240802_15_00_00/vexv5/libv5rt.a(v5_startup.c.obj)
                0x0000000003800020                vexStartup
                0x0000000003800100                . = ALIGN (0x40)
 *fill*         0x00000000038000dc       0x24 
 *(.freertos_vectors)
 *(.text)
 *(.text.*)
 .text._Z16driveForwardPropd
                0x0000000003800100      0x268 build/src/main.o
                0x0000000003800100                driveForwardProp(double)
 .text._Z16driveReversePropd
                0x0000000003800368      0x268 build/src/main.o
                0x0000000003800368                driveReverseProp(double)
 .text._Z12turnLeftPropd
                0x00000000038005d0      0x248 build/src/main.o
                0x00000000038005d0                turnLeftProp(double)
 .text._Z13turnRightPropd
                0x0000000003800818      0x22c build/src/main.o
                0x0000000003800818                turnRightProp(double)
 *fill*         0x0000000003800a44        0x4 
 .text._Z7redLeftv
                0x0000000003800a48      0x158 build/src/main.o
                0x0000000003800a48                redLeft()
 .text._Z8redRightv
                0x0000000003800ba0      0x168 build/src/main.o
                0x0000000003800ba0                redRight()
 .text._Z11skillsAutonv
                0x0000000003800d08      0x138 build/src/main.o
                0x0000000003800d08                skillsAuton()
 .text._Z9pre_autonv
                0x0000000003800e40      0x428 build/src/main.o
                0x0000000003800e40                pre_auton()
 .text._Z10autonomousv
                0x0000000003801268       0x4c build/src/main.o
                0x0000000003801268                autonomous()
 .text._Z12wingManangerv
                0x00000000038012b4       0x9c build/src/main.o
                0x00000000038012b4                wingMananger()
 .text._Z14adjustManangerv
                0x0000000003801350       0x9c build/src/main.o
                0x0000000003801350                adjustMananger()
 .text._Z13tongueManagerv
                0x00000000038013ec       0x90 build/src/main.o
                0x00000000038013ec                tongueManager()
 *fill*         0x000000000380147c        0x4 
 .text._Z13intakeManagerv
                0x0000000003801480      0x1c0 build/src/main.o
                0x0000000003801480                intakeManager()
 .text._Z8logDrived
                0x0000000003801640       0x88 build/src/main.o
                0x0000000003801640                logDrive(double)
 .text._Z12driveManagerv
                0x00000000038016c8      0x16c build/src/main.o
                0x00000000038016c8                driveManager()
 .text._Z14alignerManagerv
                0x0000000003801834       0x14 build/src/main.o
                0x0000000003801834                alignerManager()
 .text._Z11usercontrolv
                0x0000000003801848       0xd4 build/src/main.o
                0x0000000003801848                usercontrol()
 *fill*         0x000000000380191c        0x4 
 .text.main     0x0000000003801920       0x68 build/src/main.o
                0x0000000003801920                main
 .text._GLOBAL__sub_I_main.cpp
                0x0000000003801988      0x2d8 build/src/main.o
 .text.vexMain  0x0000000003801c60       0xb0 /Users/dragonix22/Library/Application Support/Code/User/globalStorage/vexrobotics.vexcode/sdk/cpp/V5/V5_20240802_15_00_00/vexv5/libv5rt.a(v5_startup.c.obj)
                0x0000000003801c60                vexMain
 .text.__vex_function_prolog
                0x0000000003801d10       0x18 /Users/dragonix22/Library/Application Support/Code/User/globalStorage/vexrobotics.vexcode/sdk/cpp/V5/V5_20240802_15_00_00/vexv5/libv5rt.a(v5_startup.c.obj)
                0x0000000003801d10                __vex_function_prolog
 .text._init    0x0000000003801d28        0x4 /Users/dragonix22/Library/Application Support/Code/User/globalStorage/vexrobotics.vexcode/sdk/cpp/V5/V5_20240802_15_00_00/vexv5/libv5rt.a(v5_startup.c.obj)
                0x0000000003801d28                _init
 .text._fini    0x0000000003801d2c        0x4 /Users/dragonix22/Library/Application Support/Code/User/globalStorage/vexrobotics.vexcode/sdk/cpp/V5/V5_20240802_15_00_00/vexv5/libv5rt.a(v5_startup.c.obj)
                0x0000000003801d2c                _fini
 .text.vexStdlibVersionLinked
                0x0000000003801d30        0xc /Users/dragonix22/Library/Application Support/Code/User/globalStorage/vexrobotics.vexcode/sdk/cpp/V5/V5_20240802_15_00_00/vexv5/libv5rt.a(v5_util.c.obj)
                0x0000000003801d30                vexStdlibVersionLinked
 .text.vexStdlibVersionVerify
                0x0000000003801d3c       0x30 /Users/dragonix22/Library/Application Support/Code/User/globalStorage/vexrobotics.vexcode/sdk/cpp/V5/V5_20240802_15_00_00/vexv5/libv5rt.a(v5_util.c.obj)
                0x0000000003801d3c                vexStdlibVersionVerify
 .text.vexPrivateApiEnable
                0x0000000003801d6c       0x10 /Users/dragonix22/Library/Application Support/Code/User/globalStorage/vexrobotics.vexcode/sdk/cpp/V5/V5_20240802_15_00_00/vexv5/libv5rt.a(v5_apijump.c.obj)
                0x0000000003801d6c                vexPrivateApiEnable
 .text.vexStdlibMismatchError
                0x0000000003801d7c       0x3c /Users/dragonix22/Library/Application Support/Code/User/globalStorage/vexrobotics.vexcode/sdk/cpp/V5/V5_20240802_15_00_00/vexv5/libv5rt.a(v5_apijump.c.obj)
                0x0000000003801d7c                vexStdlibMismatchError
 .text.vexTaskAdd
                0x0000000003801db8       0x10 /Users/dragonix22/Library/Application Support/Code/User/globalStorage/vexrobotics.vexcode/sdk/cpp/V5/V5_20240802_15_00_00/vexv5/libv5rt.a(v5_apijump.c.obj)
                0x0000000003801db8                vexTaskAdd
 .text.vexTasksRun
                0x0000000003801dc8       0x10 /Users/dragonix22/Library/Application Support/Code/User/globalStorage/vexrobotics.vexcode/sdk/cpp/V5/V5_20240802_15_00_00/vexv5/libv5rt.a(v5_apijump.c.obj)
                0x0000000003801dc8                vexTasksRun
 .text.vexTaskYield
                0x0000000003801dd8       0x10 /Users/dragonix22/Library/Application Support/Code/User/globalStorage/vexrobotics.vexcode/sdk/cpp/V5/V5_20240802_15_00_00/vexv5/libv5rt.a(v5_apijump.c.obj)
                0x0000000003801dd8                vexTaskYield
 .text.vexTaskCheckTimeslice
                0x0000000003801de8       0x10 /Users/dragonix22/Library/Application Support/Code/User/globalStorage/vexrobotics.vexcode/sdk/cpp/V5/V5_20240802_15_00_00/vexv5/libv5rt.a(v5_apijump.c.obj)
                0x0000000003801de8                vexTaskCheckTimeslice
 .text.vexTaskSleep
                0x0000000003801df8       0x10 /Users/dragonix22/Library/Application Support/Code/User/globalStorage/vexrobotics.vexcode/sdk/cpp/V5/V5_20240802_15_00_00/vexv5/libv5rt.a(v5_apijump.c.obj)
                0x0000000003801df8                vexTaskSleep
 .text.vexTasksDump
                0x0000000003801e08       0x1c /Users/dragonix22/Library/Application Support/Code/User/globalStorage/vexrobotics.vexcode/sdk/cpp/V5/V5_20240802_15_00_00/vexv5/libv5rt.a(v5_apijump.c.obj)
                0x0000000003801e08                vexTasksDump
 .text.vexTaskGetTaskIndex
                0x0000000003801e24       0x10 /Users/dragonix22/Library/Application Support/Code/User/globalStorage/vexrobotics.vexcode/sdk/cpp/V5/V5_20240802_15_00_00/vexv5/libv5rt.a(v5_apijump.c.obj)
                0x0000000003801e24                vexTaskGetTaskIndex
 .text.vexTaskStopAll
                0x0000000003801e34       0x10 /Users/dragonix22/Library/Application Support/Code/User/globalStorage/vexrobotics.vexcode/sdk/cpp/V5/V5_20240802_15_00_00/vexv5/libv5rt.a(v5_apijump.c.obj)
                0x0000000003801e34                vexTaskStopAll
 .text.vexTaskRemoveAllUser
                0x0000000003801e44       0x34 /Users/dragonix22/Library/Application Support/Code/User/globalStorage/vexrobotics.vexcode/sdk/cpp/V5/V5_20240802_15_00_00/vexv5/libv5rt.a(v5_apijump.c.obj)
                0x0000000003801e44                vexTaskRemoveAllUser
 .text.vexTaskCompletionIdSet
                0x0000000003801e78       0x10 /Users/dragonix22/Library/Application Support/Code/User/globalStorage/vexrobotics.vexcode/sdk/cpp/V5/V5_20240802_15_00_00/vexv5/libv5rt.a(v5_apijump.c.obj)
                0x0000000003801e78                vexTaskCompletionIdSet
 .text.vexTaskStopWithId
                0x0000000003801e88       0x10 /Users/dragonix22/Library/Application Support/Code/User/globalStorage/vexrobotics.vexcode/sdk/cpp/V5/V5_20240802_15_00_00/vexv5/libv5rt.a(v5_apijump.c.obj)
                0x0000000003801e88                vexTaskStopWithId
 .text.vexCriticalSection
                0x0000000003801e98       0x2c /Users/dragonix22/Library/Application Support/Code/User/globalStorage/vexrobotics.vexcode/sdk/cpp/V5/V5_20240802_15_00_00/vexv5/libv5rt.a(v5_apijump.c.obj)
                0x0000000003801e98                vexCriticalSection
 .text.vexEventAdd
                0x0000000003801ec4       0x34 /Users/dragonix22/Library/Application Support/Code/User/globalStorage/vexrobotics.vexcode/sdk/cpp/V5/V5_20240802_15_00_00/vexv5/libv5rt.a(v5_apijump.c.obj)
                0x0000000003801ec4                vexEventAdd
 .text.vexEventUserIndexGet
                0x0000000003801ef8       0x1c /Users/dragonix22/Library/Application Support/Code/User/globalStorage/vexrobotics.vexcode/sdk/cpp/V5/V5_20240802_15_00_00/vexv5/libv5rt.a(v5_apijump.c.obj)
                0x0000000003801ef8                vexEventUserIndexGet
 .text.vexEventAddWithArg
                0x0000000003801f14       0x3c /Users/dragonix22/Library/Application Support/Code/User/globalStorage/vexrobotics.vexcode/sdk/cpp/V5/V5_20240802_15_00_00/vexv5/libv5rt.a(v5_apijump.c.obj)
                0x0000000003801f14                vexEventAddWithArg
 .text.vexEventsCleanup
                0x0000000003801f50       0x2c /Users/dragonix22/Library/Application Support/Code/User/globalStorage/vexrobotics.vexcode/sdk/cpp/V5/V5_20240802_15_00_00/vexv5/libv5rt.a(v5_apijump.c.obj)
                0x0000000003801f50                vexEventsCleanup
 .text.vexDebug
                0x0000000003801f7c       0x38 /Users/dragonix22/Library/Application Support/Code/User/globalStorage/vexrobotics.vexcode/sdk/cpp/V5/V5_20240802_15_00_00/vexv5/libv5rt.a(v5_apijump.c.obj)
                0x0000000003801f7c                vexDebug
 .text.vex_sprintf
                0x0000000003801fb4       0x40 /Users/dragonix22/Library/Application Support/Code/User/globalStorage/vexrobotics.vexcode/sdk/cpp/V5/V5_20240802_15_00_00/vexv5/libv5rt.a(v5_apijump.c.obj)
                0x0000000003801fb4                vex_sprintf
 .text.vexSystemTimeGet
                0x0000000003801ff4       0x1c /Users/dragonix22/Library/Application Support/Code/User/globalStorage/vexrobotics.vexcode/sdk/cpp/V5/V5_20240802_15_00_00/vexv5/libv5rt.a(v5_apijump.c.obj)
                0x0000000003801ff4                vexSystemTimeGet
 .text.vexSystemExitRequest
                0x0000000003802010       0x1c /Users/dragonix22/Library/Application Support/Code/User/globalStorage/vexrobotics.vexcode/sdk/cpp/V5/V5_20240802_15_00_00/vexv5/libv5rt.a(v5_apijump.c.obj)
                0x0000000003802010                vexSystemExitRequest
 .text.vexDeviceGetByIndex
                0x000000000380202c       0x24 /Users/dragonix22/Library/Application Support/Code/User/globalStorage/vexrobotics.vexcode/sdk/cpp/V5/V5_20240802_15_00_00/vexv5/libv5rt.a(v5_apijump.c.obj)
                0x000000000380202c                vexDeviceGetByIndex
 .text.vexControllerGet
                0x0000000003802050       0x2c /Users/dragonix22/Library/Application Support/Code/User/globalStorage/vexrobotics.vexcode/sdk/cpp/V5/V5_20240802_15_00_00/vexv5/libv5rt.a(v5_apijump.c.obj)
                0x0000000003802050                vexControllerGet
 .text.vexControllerTextSet
                0x000000000380207c       0x74 /Users/dragonix22/Library/Application Support/Code/User/globalStorage/vexrobotics.vexcode/sdk/cpp/V5/V5_20240802_15_00_00/vexv5/libv5rt.a(v5_apijump.c.obj)
                0x000000000380207c                vexControllerTextSet
 .text.vexDeviceAdiPortConfigSet
                0x00000000038020f0       0x34 /Users/dragonix22/Library/Application Support/Code/User/globalStorage/vexrobotics.vexcode/sdk/cpp/V5/V5_20240802_15_00_00/vexv5/libv5rt.a(v5_apijump.c.obj)
                0x00000000038020f0                vexDeviceAdiPortConfigSet
 .text.vexDeviceAdiPortConfigGet
                0x0000000003802124       0x2c /Users/dragonix22/Library/Application Support/Code/User/globalStorage/vexrobotics.vexcode/sdk/cpp/V5/V5_20240802_15_00_00/vexv5/libv5rt.a(v5_apijump.c.obj)
                0x0000000003802124                vexDeviceAdiPortConfigGet
 .text.vexDeviceAdiValueSet
                0x0000000003802150       0x34 /Users/dragonix22/Library/Application Support/Code/User/globalStorage/vexrobotics.vexcode/sdk/cpp/V5/V5_20240802_15_00_00/vexv5/libv5rt.a(v5_apijump.c.obj)
                0x0000000003802150                vexDeviceAdiValueSet
 .text.vexDeviceMotorVelocitySet
                0x0000000003802184       0x2c /Users/dragonix22/Library/Application Support/Code/User/globalStorage/vexrobotics.vexcode/sdk/cpp/V5/V5_20240802_15_00_00/vexv5/libv5rt.a(v5_apijump.c.obj)
                0x0000000003802184                vexDeviceMotorVelocitySet
 .text.vexDeviceMotorActualVelocityGet
                0x00000000038021b0       0x24 /Users/dragonix22/Library/Application Support/Code/User/globalStorage/vexrobotics.vexcode/sdk/cpp/V5/V5_20240802_15_00_00/vexv5/libv5rt.a(v5_apijump.c.obj)
                0x00000000038021b0                vexDeviceMotorActualVelocityGet
 .text.vexDeviceMotorReverseFlagSet
                0x00000000038021d4       0x2c /Users/dragonix22/Library/Application Support/Code/User/globalStorage/vexrobotics.vexcode/sdk/cpp/V5/V5_20240802_15_00_00/vexv5/libv5rt.a(v5_apijump.c.obj)
                0x00000000038021d4                vexDeviceMotorReverseFlagSet
 .text.vexDeviceMotorEncoderUnitsSet
                0x0000000003802200       0x2c /Users/dragonix22/Library/Application Support/Code/User/globalStorage/vexrobotics.vexcode/sdk/cpp/V5/V5_20240802_15_00_00/vexv5/libv5rt.a(v5_apijump.c.obj)
                0x0000000003802200                vexDeviceMotorEncoderUnitsSet
 .text.vexDeviceMotorBrakeModeSet
                0x000000000380222c       0x2c /Users/dragonix22/Library/Application Support/Code/User/globalStorage/vexrobotics.vexcode/sdk/cpp/V5/V5_20240802_15_00_00/vexv5/libv5rt.a(v5_apijump.c.obj)
                0x000000000380222c                vexDeviceMotorBrakeModeSet
 .text.vexDeviceMotorPositionSet
                0x0000000003802258       0x34 /Users/dragonix22/Library/Application Support/Code/User/globalStorage/vexrobotics.vexcode/sdk/cpp/V5/V5_20240802_15_00_00/vexv5/libv5rt.a(v5_apijump.c.obj)
                0x0000000003802258                vexDeviceMotorPositionSet
 .text.vexDeviceMotorPositionGet
                0x000000000380228c       0x24 /Users/dragonix22/Library/Application Support/Code/User/globalStorage/vexrobotics.vexcode/sdk/cpp/V5/V5_20240802_15_00_00/vexv5/libv5rt.a(v5_apijump.c.obj)
                0x000000000380228c                vexDeviceMotorPositionGet
 .text.vexDeviceMotorGearingGet
                0x00000000038022b0       0x24 /Users/dragonix22/Library/Application Support/Code/User/globalStorage/vexrobotics.vexcode/sdk/cpp/V5/V5_20240802_15_00_00/vexv5/libv5rt.a(v5_apijump.c.obj)
                0x00000000038022b0                vexDeviceMotorGearingGet
 .text.vexDeviceImuReset
                0x00000000038022d4       0x24 /Users/dragonix22/Library/Application Support/Code/User/globalStorage/vexrobotics.vexcode/sdk/cpp/V5/V5_20240802_15_00_00/vexv5/libv5rt.a(v5_apijump.c.obj)
                0x00000000038022d4                vexDeviceImuReset
 .text.vexDeviceImuHeadingGet
                0x00000000038022f8       0x24 /Users/dragonix22/Library/Application Support/Code/User/globalStorage/vexrobotics.vexcode/sdk/cpp/V5/V5_20240802_15_00_00/vexv5/libv5rt.a(v5_apijump.c.obj)
                0x00000000038022f8                vexDeviceImuHeadingGet
 .text.vexDeviceImuDegreesGet
                0x000000000380231c       0x24 /Users/dragonix22/Library/Application Support/Code/User/globalStorage/vexrobotics.vexcode/sdk/cpp/V5/V5_20240802_15_00_00/vexv5/libv5rt.a(v5_apijump.c.obj)
                0x000000000380231c                vexDeviceImuDegreesGet
 .text.vexDeviceImuStatusGet
                0x0000000003802340       0x24 /Users/dragonix22/Library/Application Support/Code/User/globalStorage/vexrobotics.vexcode/sdk/cpp/V5/V5_20240802_15_00_00/vexv5/libv5rt.a(v5_apijump.c.obj)
                0x0000000003802340                vexDeviceImuStatusGet
 .text.vexDisplayForegroundColor
                0x0000000003802364       0x24 /Users/dragonix22/Library/Application Support/Code/User/globalStorage/vexrobotics.vexcode/sdk/cpp/V5/V5_20240802_15_00_00/vexv5/libv5rt.a(v5_apijump.c.obj)
                0x0000000003802364                vexDisplayForegroundColor
 .text.vexDisplayBackgroundColor
                0x0000000003802388       0x24 /Users/dragonix22/Library/Application Support/Code/User/globalStorage/vexrobotics.vexcode/sdk/cpp/V5/V5_20240802_15_00_00/vexv5/libv5rt.a(v5_apijump.c.obj)
                0x0000000003802388                vexDisplayBackgroundColor
 .text.vexDisplayBackgroundColorGet
                0x00000000038023ac       0x1c /Users/dragonix22/Library/Application Support/Code/User/globalStorage/vexrobotics.vexcode/sdk/cpp/V5/V5_20240802_15_00_00/vexv5/libv5rt.a(v5_apijump.c.obj)
                0x00000000038023ac                vexDisplayBackgroundColorGet
 .text.vexDisplayRectDraw
                0x00000000038023c8       0x4c /Users/dragonix22/Library/Application Support/Code/User/globalStorage/vexrobotics.vexcode/sdk/cpp/V5/V5_20240802_15_00_00/vexv5/libv5rt.a(v5_apijump.c.obj)
                0x00000000038023c8                vexDisplayRectDraw
 .text.vexDisplayRectClear
                0x0000000003802414       0x4c /Users/dragonix22/Library/Application Support/Code/User/globalStorage/vexrobotics.vexcode/sdk/cpp/V5/V5_20240802_15_00_00/vexv5/libv5rt.a(v5_apijump.c.obj)
                0x0000000003802414                vexDisplayRectClear
 .text.vexDisplayVPrintf
                0x0000000003802460       0x50 /Users/dragonix22/Library/Application Support/Code/User/globalStorage/vexrobotics.vexcode/sdk/cpp/V5/V5_20240802_15_00_00/vexv5/libv5rt.a(v5_apijump.c.obj)
                0x0000000003802460                vexDisplayVPrintf
 .text.vexDisplayTextReference
                0x00000000038024b0       0x24 /Users/dragonix22/Library/Application Support/Code/User/globalStorage/vexrobotics.vexcode/sdk/cpp/V5/V5_20240802_15_00_00/vexv5/libv5rt.a(v5_apijump.c.obj)
                0x00000000038024b0                vexDisplayTextReference
 .text.vexDisplayTextSize
                0x00000000038024d4       0x2c /Users/dragonix22/Library/Application Support/Code/User/globalStorage/vexrobotics.vexcode/sdk/cpp/V5/V5_20240802_15_00_00/vexv5/libv5rt.a(v5_apijump.c.obj)
                0x00000000038024d4                vexDisplayTextSize
 .text.vexDisplayFontNamedSet
                0x0000000003802500       0x24 /Users/dragonix22/Library/Application Support/Code/User/globalStorage/vexrobotics.vexcode/sdk/cpp/V5/V5_20240802_15_00_00/vexv5/libv5rt.a(v5_apijump.c.obj)
                0x0000000003802500                vexDisplayFontNamedSet
 .text.vexDisplayPenSizeGet
                0x0000000003802524       0x1c /Users/dragonix22/Library/Application Support/Code/User/globalStorage/vexrobotics.vexcode/sdk/cpp/V5/V5_20240802_15_00_00/vexv5/libv5rt.a(v5_apijump.c.obj)
                0x0000000003802524                vexDisplayPenSizeGet
 .text.vexSystemStdlibImpureDataAddr
                0x0000000003802540       0x28 /Users/dragonix22/Library/Application Support/Code/User/globalStorage/vexrobotics.vexcode/sdk/cpp/V5/V5_20240802_15_00_00/vexv5/libv5rt.a(v5_apijump.c.obj)
                0x0000000003802540                vexSystemStdlibImpureDataAddr
 .text.vexSystemStdlibImpureDataSize
                0x0000000003802568       0x28 /Users/dragonix22/Library/Application Support/Code/User/globalStorage/vexrobotics.vexcode/sdk/cpp/V5/V5_20240802_15_00_00/vexv5/libv5rt.a(v5_apijump.c.obj)
                0x0000000003802568                vexSystemStdlibImpureDataSize
 .text.vexSystemSaveUserData
                0x0000000003802590       0x3c /Users/dragonix22/Library/Application Support/Code/User/globalStorage/vexrobotics.vexcode/sdk/cpp/V5/V5_20240802_15_00_00/vexv5/libv5rt.a(v5_apijump.c.obj)
                0x0000000003802590                vexSystemSaveUserData
 .text.vexTouchDataGet
                0x00000000038025cc       0x10 /Users/dragonix22/Library/Application Support/Code/User/globalStorage/vexrobotics.vexcode/sdk/cpp/V5/V5_20240802_15_00_00/vexv5/libv5rt.a(v5_apijump.c.obj)
                0x00000000038025cc                vexTouchDataGet
 .text.vexDisplayThemeIdGet
                0x00000000038025dc       0x38 /Users/dragonix22/Library/Application Support/Code/User/globalStorage/vexrobotics.vexcode/sdk/cpp/V5/V5_20240802_15_00_00/vexv5/libv5rt.a(v5_apijump.c.obj)
                0x00000000038025dc                vexDisplayThemeIdGet
 .text.vexDeviceEventMaskSet
                0x0000000003802614       0x48 /Users/dragonix22/Library/Application Support/Code/User/globalStorage/vexrobotics.vexcode/sdk/cpp/V5/V5_20240802_15_00_00/vexv5/libv5rt.a(v5_apijump.c.obj)
                0x0000000003802614                vexDeviceEventMaskSet
 .text.vexDeviceEventMaskGet
                0x000000000380265c       0x3c /Users/dragonix22/Library/Application Support/Code/User/globalStorage/vexrobotics.vexcode/sdk/cpp/V5/V5_20240802_15_00_00/vexv5/libv5rt.a(v5_apijump.c.obj)
                0x000000000380265c                vexDeviceEventMaskGet
 .text.vexSystemVersion
                0x0000000003802698       0x10 /Users/dragonix22/Library/Application Support/Code/User/globalStorage/vexrobotics.vexcode/sdk/cpp/V5/V5_20240802_15_00_00/vexv5/libv5rt.a(v5_apiversions.c.obj)
                0x0000000003802698                vexSystemVersion
 .text.vexStdlibVersion
                0x00000000038026a8       0x10 /Users/dragonix22/Library/Application Support/Code/User/globalStorage/vexrobotics.vexcode/sdk/cpp/V5/V5_20240802_15_00_00/vexv5/libv5rt.a(v5_apiversions.c.obj)
                0x00000000038026a8                vexStdlibVersion
 .text._ZN3vex4waitEdNS_9timeUnitsE
                0x00000000038026b8       0x30 /Users/dragonix22/Library/Application Support/Code/User/globalStorage/vexrobotics.vexcode/sdk/cpp/V5/V5_20240802_15_00_00/vexv5/libv5rt.a(vex_global.cpp.obj)
                0x00000000038026b8                vex::wait(double, vex::timeUnits)
 .text._ZN3vex5motorD2Ev
                0x00000000038026e8       0x20 /Users/dragonix22/Library/Application Support/Code/User/globalStorage/vexrobotics.vexcode/sdk/cpp/V5/V5_20240802_15_00_00/vexv5/libv5rt.a(vex_motor.cpp.obj)
                0x00000000038026e8                vex::motor::~motor()
                0x00000000038026e8                vex::motor::~motor()
 .text._ZN3vex5motorD0Ev
                0x0000000003802708       0x1c /Users/dragonix22/Library/Application Support/Code/User/globalStorage/vexrobotics.vexcode/sdk/cpp/V5/V5_20240802_15_00_00/vexv5/libv5rt.a(vex_motor.cpp.obj)
                0x0000000003802708                vex::motor::~motor()
 .text._ZN3vex5motor9installedEv
                0x0000000003802724       0x18 /Users/dragonix22/Library/Application Support/Code/User/globalStorage/vexrobotics.vexcode/sdk/cpp/V5/V5_20240802_15_00_00/vexv5/libv5rt.a(vex_motor.cpp.obj)
                0x0000000003802724                vex::motor::installed()
 .text._ZN3vex5motor15defaultStoppingENS_9brakeTypeE
                0x000000000380273c       0x30 /Users/dragonix22/Library/Application Support/Code/User/globalStorage/vexrobotics.vexcode/sdk/cpp/V5/V5_20240802_15_00_00/vexv5/libv5rt.a(vex_motor.cpp.obj)
                0x000000000380273c                vex::motor::defaultStopping(vex::brakeType)
 .text._ZN3vex5motorC2El
                0x000000000380276c       0x78 /Users/dragonix22/Library/Application Support/Code/User/globalStorage/vexrobotics.vexcode/sdk/cpp/V5/V5_20240802_15_00_00/vexv5/libv5rt.a(vex_motor.cpp.obj)
                0x000000000380276c                vex::motor::motor(long)
                0x000000000380276c                vex::motor::motor(long)
 .text._ZN3vex5motorC2Elb
                0x00000000038027e4       0x24 /Users/dragonix22/Library/Application Support/Code/User/globalStorage/vexrobotics.vexcode/sdk/cpp/V5/V5_20240802_15_00_00/vexv5/libv5rt.a(vex_motor.cpp.obj)
                0x00000000038027e4                vex::motor::motor(long, bool)
                0x00000000038027e4                vex::motor::motor(long, bool)
 .text._ZN3vex5motor4stopENS_9brakeTypeE
                0x0000000003802808       0x30 /Users/dragonix22/Library/Application Support/Code/User/globalStorage/vexrobotics.vexcode/sdk/cpp/V5/V5_20240802_15_00_00/vexv5/libv5rt.a(vex_motor.cpp.obj)
                0x0000000003802808                vex::motor::stop(vex::brakeType)
 .text._ZN3vex5motor4stopEv
                0x0000000003802838        0x8 /Users/dragonix22/Library/Application Support/Code/User/globalStorage/vexrobotics.vexcode/sdk/cpp/V5/V5_20240802_15_00_00/vexv5/libv5rt.a(vex_motor.cpp.obj)
                0x0000000003802838                vex::motor::stop()
 .text._ZN3vex5motor16velocityToScaledEdNS_13velocityUnitsE
                0x0000000003802840       0x5c /Users/dragonix22/Library/Application Support/Code/User/globalStorage/vexrobotics.vexcode/sdk/cpp/V5/V5_20240802_15_00_00/vexv5/libv5rt.a(vex_motor.cpp.obj)
                0x0000000003802840                vex::motor::velocityToScaled(double, vex::velocityUnits)
 .text._ZN3vex5motor8velocityENS_13velocityUnitsE
                0x000000000380289c       0x30 /Users/dragonix22/Library/Application Support/Code/User/globalStorage/vexrobotics.vexcode/sdk/cpp/V5/V5_20240802_15_00_00/vexv5/libv5rt.a(vex_motor.cpp.obj)
                0x000000000380289c                vex::motor::velocity(vex::velocityUnits)
 .text._ZN3vex5motor5valueEv
                0x00000000038028cc       0x1c /Users/dragonix22/Library/Application Support/Code/User/globalStorage/vexrobotics.vexcode/sdk/cpp/V5/V5_20240802_15_00_00/vexv5/libv5rt.a(vex_motor.cpp.obj)
                0x00000000038028cc                vex::motor::value()
 .text._ZN3vex5motor16scaledToVelocityEdNS_13velocityUnitsE
                0x00000000038028e8       0xa4 /Users/dragonix22/Library/Application Support/Code/User/globalStorage/vexrobotics.vexcode/sdk/cpp/V5/V5_20240802_15_00_00/vexv5/libv5rt.a(vex_motor.cpp.obj)
                0x00000000038028e8                vex::motor::scaledToVelocity(double, vex::velocityUnits)
 .text._ZN3vex5motor4spinENS_13directionTypeEdNS_13velocityUnitsE
                0x000000000380298c       0x5c /Users/dragonix22/Library/Application Support/Code/User/globalStorage/vexrobotics.vexcode/sdk/cpp/V5/V5_20240802_15_00_00/vexv5/libv5rt.a(vex_motor.cpp.obj)
                0x000000000380298c                vex::motor::spin(vex::directionType, double, vex::velocityUnits)
 .text._ZN3vex5motor4spinENS_13directionTypeE
                0x00000000038029e8       0x28 /Users/dragonix22/Library/Application Support/Code/User/globalStorage/vexrobotics.vexcode/sdk/cpp/V5/V5_20240802_15_00_00/vexv5/libv5rt.a(vex_motor.cpp.obj)
                0x00000000038029e8                vex::motor::spin(vex::directionType)
 .text._ZN3vex5motor16setRotationUnitsENS_13rotationUnitsE
                0x0000000003802a10       0x1c /Users/dragonix22/Library/Application Support/Code/User/globalStorage/vexrobotics.vexcode/sdk/cpp/V5/V5_20240802_15_00_00/vexv5/libv5rt.a(vex_motor.cpp.obj)
                0x0000000003802a10                vex::motor::setRotationUnits(vex::rotationUnits)
 .text._ZN3vex5motor11setPositionEdNS_13rotationUnitsE
                0x0000000003802a2c       0x44 /Users/dragonix22/Library/Application Support/Code/User/globalStorage/vexrobotics.vexcode/sdk/cpp/V5/V5_20240802_15_00_00/vexv5/libv5rt.a(vex_motor.cpp.obj)
                0x0000000003802a2c                vex::motor::setPosition(double, vex::rotationUnits)
 .text._ZN3vex5motor13resetPositionEv
                0x0000000003802a70       0x20 /Users/dragonix22/Library/Application Support/Code/User/globalStorage/vexrobotics.vexcode/sdk/cpp/V5/V5_20240802_15_00_00/vexv5/libv5rt.a(vex_motor.cpp.obj)
                0x0000000003802a70                vex::motor::resetPosition()
 .text._ZN3vex5motor8positionENS_13rotationUnitsE
                0x0000000003802a90       0x44 /Users/dragonix22/Library/Application Support/Code/User/globalStorage/vexrobotics.vexcode/sdk/cpp/V5/V5_20240802_15_00_00/vexv5/libv5rt.a(vex_motor.cpp.obj)
                0x0000000003802a90                vex::motor::position(vex::rotationUnits)
 .text._ZN3vex8inertial11getTurnTypeEv
                0x0000000003802ad4        0x8 /Users/dragonix22/Library/Application Support/Code/User/globalStorage/vexrobotics.vexcode/sdk/cpp/V5/V5_20240802_15_00_00/vexv5/libv5rt.a(vex_imu.cpp.obj)
                0x0000000003802ad4                vex::inertial::getTurnType()
 .text._ZThn16_N3vex8inertial11getTurnTypeEv
                0x0000000003802adc        0x8 /Users/dragonix22/Library/Application Support/Code/User/globalStorage/vexrobotics.vexcode/sdk/cpp/V5/V5_20240802_15_00_00/vexv5/libv5rt.a(vex_imu.cpp.obj)
                0x0000000003802adc                non-virtual thunk to vex::inertial::getTurnType()
 *fill*         0x0000000003802ae4        0x4 
 .text._ZN3vex8inertial10setHeadingEdNS_13rotationUnitsE
                0x0000000003802ae8       0x58 /Users/dragonix22/Library/Application Support/Code/User/globalStorage/vexrobotics.vexcode/sdk/cpp/V5/V5_20240802_15_00_00/vexv5/libv5rt.a(vex_imu.cpp.obj)
                0x0000000003802ae8                vex::inertial::setHeading(double, vex::rotationUnits)
 .text._ZThn16_N3vex8inertial10setHeadingEdNS_13rotationUnitsE
                0x0000000003802b40        0x8 /Users/dragonix22/Library/Application Support/Code/User/globalStorage/vexrobotics.vexcode/sdk/cpp/V5/V5_20240802_15_00_00/vexv5/libv5rt.a(vex_imu.cpp.obj)
                0x0000000003802b40                non-virtual thunk to vex::inertial::setHeading(double, vex::rotationUnits)
 .text._ZN3vex8inertial11setRotationEdNS_13rotationUnitsE
                0x0000000003802b48       0x58 /Users/dragonix22/Library/Application Support/Code/User/globalStorage/vexrobotics.vexcode/sdk/cpp/V5/V5_20240802_15_00_00/vexv5/libv5rt.a(vex_imu.cpp.obj)
                0x0000000003802b48                vex::inertial::setRotation(double, vex::rotationUnits)
 .text._ZThn16_N3vex8inertial11setRotationEdNS_13rotationUnitsE
                0x0000000003802ba0        0x8 /Users/dragonix22/Library/Application Support/Code/User/globalStorage/vexrobotics.vexcode/sdk/cpp/V5/V5_20240802_15_00_00/vexv5/libv5rt.a(vex_imu.cpp.obj)
                0x0000000003802ba0                non-virtual thunk to vex::inertial::setRotation(double, vex::rotationUnits)
 .text._ZN3vex8inertialD2Ev
                0x0000000003802ba8       0x20 /Users/dragonix22/Library/Application Support/Code/User/globalStorage/vexrobotics.vexcode/sdk/cpp/V5/V5_20240802_15_00_00/vexv5/libv5rt.a(vex_imu.cpp.obj)
                0x0000000003802ba8                vex::inertial::~inertial()
                0x0000000003802ba8                vex::inertial::~inertial()
 .text._ZThn16_N3vex8inertialD1Ev
                0x0000000003802bc8        0x8 /Users/dragonix22/Library/Application Support/Code/User/globalStorage/vexrobotics.vexcode/sdk/cpp/V5/V5_20240802_15_00_00/vexv5/libv5rt.a(vex_imu.cpp.obj)
                0x0000000003802bc8                non-virtual thunk to vex::inertial::~inertial()
 .text._ZN3vex8inertialD0Ev
                0x0000000003802bd0       0x1c /Users/dragonix22/Library/Application Support/Code/User/globalStorage/vexrobotics.vexcode/sdk/cpp/V5/V5_20240802_15_00_00/vexv5/libv5rt.a(vex_imu.cpp.obj)
                0x0000000003802bd0                vex::inertial::~inertial()
 .text._ZThn16_N3vex8inertialD0Ev
                0x0000000003802bec        0x8 /Users/dragonix22/Library/Application Support/Code/User/globalStorage/vexrobotics.vexcode/sdk/cpp/V5/V5_20240802_15_00_00/vexv5/libv5rt.a(vex_imu.cpp.obj)
                0x0000000003802bec                non-virtual thunk to vex::inertial::~inertial()
 .text._ZN3vex8inertial9installedEv
                0x0000000003802bf4       0x18 /Users/dragonix22/Library/Application Support/Code/User/globalStorage/vexrobotics.vexcode/sdk/cpp/V5/V5_20240802_15_00_00/vexv5/libv5rt.a(vex_imu.cpp.obj)
                0x0000000003802bf4                vex::inertial::installed()
 .text._ZN3vex8inertial5angleENS_13rotationUnitsE
                0x0000000003802c0c       0x6c /Users/dragonix22/Library/Application Support/Code/User/globalStorage/vexrobotics.vexcode/sdk/cpp/V5/V5_20240802_15_00_00/vexv5/libv5rt.a(vex_imu.cpp.obj)
                0x0000000003802c0c                vex::inertial::angle(vex::rotationUnits)
 .text._ZThn16_N3vex8inertial5angleENS_13rotationUnitsE
                0x0000000003802c78        0x8 /Users/dragonix22/Library/Application Support/Code/User/globalStorage/vexrobotics.vexcode/sdk/cpp/V5/V5_20240802_15_00_00/vexv5/libv5rt.a(vex_imu.cpp.obj)
                0x0000000003802c78                non-virtual thunk to vex::inertial::angle(vex::rotationUnits)
 .text._ZN3vex8inertial7headingENS_13rotationUnitsE
                0x0000000003802c80        0x4 /Users/dragonix22/Library/Application Support/Code/User/globalStorage/vexrobotics.vexcode/sdk/cpp/V5/V5_20240802_15_00_00/vexv5/libv5rt.a(vex_imu.cpp.obj)
                0x0000000003802c80                vex::inertial::heading(vex::rotationUnits)
 .text._ZThn16_N3vex8inertial7headingENS_13rotationUnitsE
                0x0000000003802c84        0x8 /Users/dragonix22/Library/Application Support/Code/User/globalStorage/vexrobotics.vexcode/sdk/cpp/V5/V5_20240802_15_00_00/vexv5/libv5rt.a(vex_imu.cpp.obj)
                0x0000000003802c84                non-virtual thunk to vex::inertial::heading(vex::rotationUnits)
 .text._ZN3vex8inertial5valueEv
                0x0000000003802c8c       0x1c /Users/dragonix22/Library/Application Support/Code/User/globalStorage/vexrobotics.vexcode/sdk/cpp/V5/V5_20240802_15_00_00/vexv5/libv5rt.a(vex_imu.cpp.obj)
                0x0000000003802c8c                vex::inertial::value()
 .text._ZN3vex8inertial8rotationENS_13rotationUnitsE
                0x0000000003802ca8       0x48 /Users/dragonix22/Library/Application Support/Code/User/globalStorage/vexrobotics.vexcode/sdk/cpp/V5/V5_20240802_15_00_00/vexv5/libv5rt.a(vex_imu.cpp.obj)
                0x0000000003802ca8                vex::inertial::rotation(vex::rotationUnits)
 .text._ZThn16_N3vex8inertial8rotationENS_13rotationUnitsE
                0x0000000003802cf0        0x8 /Users/dragonix22/Library/Application Support/Code/User/globalStorage/vexrobotics.vexcode/sdk/cpp/V5/V5_20240802_15_00_00/vexv5/libv5rt.a(vex_imu.cpp.obj)
                0x0000000003802cf0                non-virtual thunk to vex::inertial::rotation(vex::rotationUnits)
 .text._ZN3vex8inertial13isCalibratingEv
                0x0000000003802cf8       0x38 /Users/dragonix22/Library/Application Support/Code/User/globalStorage/vexrobotics.vexcode/sdk/cpp/V5/V5_20240802_15_00_00/vexv5/libv5rt.a(vex_imu.cpp.obj)
                0x0000000003802cf8                vex::inertial::isCalibrating()
 .text._ZThn16_N3vex8inertial13isCalibratingEv
                0x0000000003802d30        0x8 /Users/dragonix22/Library/Application Support/Code/User/globalStorage/vexrobotics.vexcode/sdk/cpp/V5/V5_20240802_15_00_00/vexv5/libv5rt.a(vex_imu.cpp.obj)
                0x0000000003802d30                non-virtual thunk to vex::inertial::isCalibrating()
 .text._ZN3vex8inertialC2ElNS_8turnTypeE
                0x0000000003802d38       0x4c /Users/dragonix22/Library/Application Support/Code/User/globalStorage/vexrobotics.vexcode/sdk/cpp/V5/V5_20240802_15_00_00/vexv5/libv5rt.a(vex_imu.cpp.obj)
                0x0000000003802d38                vex::inertial::inertial(long, vex::turnType)
                0x0000000003802d38                vex::inertial::inertial(long, vex::turnType)
 .text._ZN3vex8inertial13resetRotationEv
                0x0000000003802d84       0x20 /Users/dragonix22/Library/Application Support/Code/User/globalStorage/vexrobotics.vexcode/sdk/cpp/V5/V5_20240802_15_00_00/vexv5/libv5rt.a(vex_imu.cpp.obj)
                0x0000000003802d84                vex::inertial::resetRotation()
 .text._ZN3vex8inertial16startCalibrationEl
                0x0000000003802da4       0x20 /Users/dragonix22/Library/Application Support/Code/User/globalStorage/vexrobotics.vexcode/sdk/cpp/V5/V5_20240802_15_00_00/vexv5/libv5rt.a(vex_imu.cpp.obj)
                0x0000000003802da4                vex::inertial::startCalibration(long)
 .text._ZN3vex8inertial9calibrateEl
                0x0000000003802dc4        0xc /Users/dragonix22/Library/Application Support/Code/User/globalStorage/vexrobotics.vexcode/sdk/cpp/V5/V5_20240802_15_00_00/vexv5/libv5rt.a(vex_imu.cpp.obj)
                0x0000000003802dc4                vex::inertial::calibrate(long)
                0x0000000003802dc8                non-virtual thunk to vex::inertial::calibrate(long)
 .text._ZN3vex10controllerD2Ev
                0x0000000003802dd0        0x4 /Users/dragonix22/Library/Application Support/Code/User/globalStorage/vexrobotics.vexcode/sdk/cpp/V5/V5_20240802_15_00_00/vexv5/libv5rt.a(vex_controller.cpp.obj)
                0x0000000003802dd0                vex::controller::~controller()
                0x0000000003802dd0                vex::controller::~controller()
 .text._ZN3vex10controller5valueE19_V5_ControllerIndex
                0x0000000003802dd4        0x8 /Users/dragonix22/Library/Application Support/Code/User/globalStorage/vexrobotics.vexcode/sdk/cpp/V5/V5_20240802_15_00_00/vexv5/libv5rt.a(vex_controller.cpp.obj)
                0x0000000003802dd4                vex::controller::value(_V5_ControllerIndex)
 .text._ZN3vex10controller6rumbleEPKc
                0x0000000003802ddc       0x4c /Users/dragonix22/Library/Application Support/Code/User/globalStorage/vexrobotics.vexcode/sdk/cpp/V5/V5_20240802_15_00_00/vexv5/libv5rt.a(vex_controller.cpp.obj)
                0x0000000003802ddc                vex::controller::rumble(char const*)
 .text._ZNK3vex10controller6button8pressingEv
                0x0000000003802e28       0xc8 /Users/dragonix22/Library/Application Support/Code/User/globalStorage/vexrobotics.vexcode/sdk/cpp/V5/V5_20240802_15_00_00/vexv5/libv5rt.a(vex_controller.cpp.obj)
                0x0000000003802e28                vex::controller::button::pressing() const
 .text._ZNK3vex10controller6button21_buttonToPressedEventEv
                0x0000000003802ef0       0x20 /Users/dragonix22/Library/Application Support/Code/User/globalStorage/vexrobotics.vexcode/sdk/cpp/V5/V5_20240802_15_00_00/vexv5/libv5rt.a(vex_controller.cpp.obj)
                0x0000000003802ef0                vex::controller::button::_buttonToPressedEvent() const
 .text._ZNK3vex10controller6button22_buttonToReleasedEventEv
                0x0000000003802f10       0x20 /Users/dragonix22/Library/Application Support/Code/User/globalStorage/vexrobotics.vexcode/sdk/cpp/V5/V5_20240802_15_00_00/vexv5/libv5rt.a(vex_controller.cpp.obj)
                0x0000000003802f10                vex::controller::button::_buttonToReleasedEvent() const
 .text._ZN3vex10controller6buttonC2ENS0_11tButtonTypeEPS0_
                0x0000000003802f30       0x48 /Users/dragonix22/Library/Application Support/Code/User/globalStorage/vexrobotics.vexcode/sdk/cpp/V5/V5_20240802_15_00_00/vexv5/libv5rt.a(vex_controller.cpp.obj)
                0x0000000003802f30                vex::controller::button::button(vex::controller::tButtonType, vex::controller*)
                0x0000000003802f30                vex::controller::button::button(vex::controller::tButtonType, vex::controller*)
 .text._ZNK3vex10controller4axis5valueEv
                0x0000000003802f78       0x58 /Users/dragonix22/Library/Application Support/Code/User/globalStorage/vexrobotics.vexcode/sdk/cpp/V5/V5_20240802_15_00_00/vexv5/libv5rt.a(vex_controller.cpp.obj)
                0x0000000003802f78                vex::controller::axis::value() const
 .text._ZNK3vex10controller4axis8positionENS_12percentUnitsE
                0x0000000003802fd0       0x1c /Users/dragonix22/Library/Application Support/Code/User/globalStorage/vexrobotics.vexcode/sdk/cpp/V5/V5_20240802_15_00_00/vexv5/libv5rt.a(vex_controller.cpp.obj)
                0x0000000003802fd0                vex::controller::axis::position(vex::percentUnits) const
 .text._ZNK3vex10controller4axis23_joystickToChangedEventEv
                0x0000000003802fec       0x20 /Users/dragonix22/Library/Application Support/Code/User/globalStorage/vexrobotics.vexcode/sdk/cpp/V5/V5_20240802_15_00_00/vexv5/libv5rt.a(vex_controller.cpp.obj)
                0x0000000003802fec                vex::controller::axis::_joystickToChangedEvent() const
 .text._ZN3vex10controller4axisC2ENS0_9tAxisTypeEPS0_
                0x000000000380300c       0x2c /Users/dragonix22/Library/Application Support/Code/User/globalStorage/vexrobotics.vexcode/sdk/cpp/V5/V5_20240802_15_00_00/vexv5/libv5rt.a(vex_controller.cpp.obj)
                0x000000000380300c                vex::controller::axis::axis(vex::controller::tAxisType, vex::controller*)
                0x000000000380300c                vex::controller::axis::axis(vex::controller::tAxisType, vex::controller*)
 .text._ZN3vex10controllerC2Ev
                0x0000000003803038      0x164 /Users/dragonix22/Library/Application Support/Code/User/globalStorage/vexrobotics.vexcode/sdk/cpp/V5/V5_20240802_15_00_00/vexv5/libv5rt.a(vex_controller.cpp.obj)
                0x0000000003803038                vex::controller::controller()
                0x0000000003803038                vex::controller::controller()
 .text._ZN3vex6threadC2EPFivE
                0x000000000380319c       0x5c /Users/dragonix22/Library/Application Support/Code/User/globalStorage/vexrobotics.vexcode/sdk/cpp/V5/V5_20240802_15_00_00/vexv5/libv5rt.a(vex_thread.cpp.obj)
                0x000000000380319c                vex::thread::thread(int (*)())
                0x000000000380319c                vex::thread::thread(int (*)())
 .text._ZN3vex6threadD2Ev
                0x00000000038031f8        0x4 /Users/dragonix22/Library/Application Support/Code/User/globalStorage/vexrobotics.vexcode/sdk/cpp/V5/V5_20240802_15_00_00/vexv5/libv5rt.a(vex_thread.cpp.obj)
                0x00000000038031f8                vex::thread::~thread()
                0x00000000038031f8                vex::thread::~thread()
 .text._ZN3vex11this_thread9sleep_forEm
                0x00000000038031fc        0x4 /Users/dragonix22/Library/Application Support/Code/User/globalStorage/vexrobotics.vexcode/sdk/cpp/V5/V5_20240802_15_00_00/vexv5/libv5rt.a(vex_thread.cpp.obj)
                0x00000000038031fc                vex::this_thread::sleep_for(unsigned long)
 .text._ZN3vex5event4initEmmPFvvE
                0x0000000003803200        0x4 /Users/dragonix22/Library/Application Support/Code/User/globalStorage/vexrobotics.vexcode/sdk/cpp/V5/V5_20240802_15_00_00/vexv5/libv5rt.a(vex_event.cpp.obj)
                0x0000000003803200                vex::event::init(unsigned long, unsigned long, void (*)())
 .text._ZN3vex5event4initEmmPFvPvES1_
                0x0000000003803204        0x4 /Users/dragonix22/Library/Application Support/Code/User/globalStorage/vexrobotics.vexcode/sdk/cpp/V5/V5_20240802_15_00_00/vexv5/libv5rt.a(vex_event.cpp.obj)
                0x0000000003803204                vex::event::init(unsigned long, unsigned long, void (*)(void*), void*)
 .text._ZN3vex5event9userindexEv
                0x0000000003803208        0x4 /Users/dragonix22/Library/Application Support/Code/User/globalStorage/vexrobotics.vexcode/sdk/cpp/V5/V5_20240802_15_00_00/vexv5/libv5rt.a(vex_event.cpp.obj)
                0x0000000003803208                vex::event::userindex()
 .text._ZZN3vex6meventC4EmmENUlvE_4_FUNEv
                0x000000000380320c        0x4 /Users/dragonix22/Library/Application Support/Code/User/globalStorage/vexrobotics.vexcode/sdk/cpp/V5/V5_20240802_15_00_00/vexv5/libv5rt.a(vex_mevent.cpp.obj)
 .text._ZN3vex6meventC2Emm
                0x0000000003803210       0x70 /Users/dragonix22/Library/Application Support/Code/User/globalStorage/vexrobotics.vexcode/sdk/cpp/V5/V5_20240802_15_00_00/vexv5/libv5rt.a(vex_mevent.cpp.obj)
                0x0000000003803210                vex::mevent::mevent(unsigned long, unsigned long)
                0x0000000003803210                vex::mevent::mevent(unsigned long, unsigned long)
 .text._ZN3vex5brain9_getIndexEv
                0x0000000003803280       0x10 /Users/dragonix22/Library/Application Support/Code/User/globalStorage/vexrobotics.vexcode/sdk/cpp/V5/V5_20240802_15_00_00/vexv5/libv5rt.a(vex_brain.cpp.obj)
                0x0000000003803280                vex::brain::_getIndex()
 .text._ZN3vex5brain3lcd9setCursorEll
                0x0000000003803290       0x44 /Users/dragonix22/Library/Application Support/Code/User/globalStorage/vexrobotics.vexcode/sdk/cpp/V5/V5_20240802_15_00_00/vexv5/libv5rt.a(vex_brain.cpp.obj)
                0x0000000003803290                vex::brain::lcd::setCursor(long, long)
 .text._ZN3vex5brain3lcd7setFontENS_8fontTypeE
                0x00000000038032d4      0x23c /Users/dragonix22/Library/Application Support/Code/User/globalStorage/vexrobotics.vexcode/sdk/cpp/V5/V5_20240802_15_00_00/vexv5/libv5rt.a(vex_brain.cpp.obj)
                0x00000000038032d4                vex::brain::lcd::setFont(vex::fontType)
 .text._ZN3vex5brain3lcdC2Ev
                0x0000000003803510       0x94 /Users/dragonix22/Library/Application Support/Code/User/globalStorage/vexrobotics.vexcode/sdk/cpp/V5/V5_20240802_15_00_00/vexv5/libv5rt.a(vex_brain.cpp.obj)
                0x0000000003803510                vex::brain::lcd::lcd()
                0x0000000003803510                vex::brain::lcd::lcd()
 .text._ZN3vex5brainC2Ev
                0x00000000038035a4       0x3c /Users/dragonix22/Library/Application Support/Code/User/globalStorage/vexrobotics.vexcode/sdk/cpp/V5/V5_20240802_15_00_00/vexv5/libv5rt.a(vex_brain.cpp.obj)
                0x00000000038035a4                vex::brain::brain()
                0x00000000038035a4                vex::brain::brain()
 .text._ZN3vex5brain3lcd12setFillColorERKNS_5colorE
                0x00000000038035e0       0x38 /Users/dragonix22/Library/Application Support/Code/User/globalStorage/vexrobotics.vexcode/sdk/cpp/V5/V5_20240802_15_00_00/vexv5/libv5rt.a(vex_brain.cpp.obj)
                0x00000000038035e0                vex::brain::lcd::setFillColor(vex::color const&)
 .text._ZN3vex5brain3lcd7printAtEllPKcz
                0x0000000003803618       0x54 /Users/dragonix22/Library/Application Support/Code/User/globalStorage/vexrobotics.vexcode/sdk/cpp/V5/V5_20240802_15_00_00/vexv5/libv5rt.a(vex_brain.cpp.obj)
                0x0000000003803618                vex::brain::lcd::printAt(long, long, char const*, ...)
 .text._ZN3vex5brain3lcd12_clearScreenEm
                0x000000000380366c       0x38 /Users/dragonix22/Library/Application Support/Code/User/globalStorage/vexrobotics.vexcode/sdk/cpp/V5/V5_20240802_15_00_00/vexv5/libv5rt.a(vex_brain.cpp.obj)
                0x000000000380366c                vex::brain::lcd::_clearScreen(unsigned long)
 .text._ZN3vex5brain3lcd11clearScreenERKNS_5colorE
                0x00000000038036a4       0x20 /Users/dragonix22/Library/Application Support/Code/User/globalStorage/vexrobotics.vexcode/sdk/cpp/V5/V5_20240802_15_00_00/vexv5/libv5rt.a(vex_brain.cpp.obj)
                0x00000000038036a4                vex::brain::lcd::clearScreen(vex::color const&)
 .text._ZN3vex5brain3lcd11clearScreenEv
                0x00000000038036c4       0x2c /Users/dragonix22/Library/Application Support/Code/User/globalStorage/vexrobotics.vexcode/sdk/cpp/V5/V5_20240802_15_00_00/vexv5/libv5rt.a(vex_brain.cpp.obj)
                0x00000000038036c4                vex::brain::lcd::clearScreen()
 .text._ZN3vex5brain3lcd13drawRectangleEiiii
                0x00000000038036f0       0xdc /Users/dragonix22/Library/Application Support/Code/User/globalStorage/vexrobotics.vexcode/sdk/cpp/V5/V5_20240802_15_00_00/vexv5/libv5rt.a(vex_brain.cpp.obj)
                0x00000000038036f0                vex::brain::lcd::drawRectangle(int, int, int, int)
 .text._ZN3vex5brain3lcd9xPositionEv
                0x00000000038037cc       0x24 /Users/dragonix22/Library/Application Support/Code/User/globalStorage/vexrobotics.vexcode/sdk/cpp/V5/V5_20240802_15_00_00/vexv5/libv5rt.a(vex_brain.cpp.obj)
                0x00000000038037cc                vex::brain::lcd::xPosition()
 .text._ZN3vex5brain3lcd9yPositionEv
                0x00000000038037f0       0x24 /Users/dragonix22/Library/Application Support/Code/User/globalStorage/vexrobotics.vexcode/sdk/cpp/V5/V5_20240802_15_00_00/vexv5/libv5rt.a(vex_brain.cpp.obj)
                0x00000000038037f0                vex::brain::lcd::yPosition()
 .text._ZN3vex5brain3lcd8pressingEv
                0x0000000003803814       0x20 /Users/dragonix22/Library/Application Support/Code/User/globalStorage/vexrobotics.vexcode/sdk/cpp/V5/V5_20240802_15_00_00/vexv5/libv5rt.a(vex_brain.cpp.obj)
                0x0000000003803814                vex::brain::lcd::pressing()
 .text._ZN3vex5brainD2Ev
                0x0000000003803834       0x20 /Users/dragonix22/Library/Application Support/Code/User/globalStorage/vexrobotics.vexcode/sdk/cpp/V5/V5_20240802_15_00_00/vexv5/libv5rt.a(vex_brain.cpp.obj)
                0x0000000003803834                vex::brain::~brain()
                0x0000000003803834                vex::brain::~brain()
 .text._ZN3vex11competition8_disableEPv
                0x0000000003803854       0xa4 /Users/dragonix22/Library/Application Support/Code/User/globalStorage/vexrobotics.vexcode/sdk/cpp/V5/V5_20240802_15_00_00/vexv5/libv5rt.a(vex_competition.cpp.obj)
                0x0000000003803854                vex::competition::_disable(void*)
 .text._ZN3vex11competition11_autonomousEv
                0x00000000038038f8       0x80 /Users/dragonix22/Library/Application Support/Code/User/globalStorage/vexrobotics.vexcode/sdk/cpp/V5/V5_20240802_15_00_00/vexv5/libv5rt.a(vex_competition.cpp.obj)
                0x00000000038038f8                vex::competition::_autonomous()
 .text._ZN3vex11competition14_drivercontrolEv
                0x0000000003803978       0x80 /Users/dragonix22/Library/Application Support/Code/User/globalStorage/vexrobotics.vexcode/sdk/cpp/V5/V5_20240802_15_00_00/vexv5/libv5rt.a(vex_competition.cpp.obj)
                0x0000000003803978                vex::competition::_drivercontrol()
 .text._ZN3vex11competitionC2Ev
                0x00000000038039f8      0x13c /Users/dragonix22/Library/Application Support/Code/User/globalStorage/vexrobotics.vexcode/sdk/cpp/V5/V5_20240802_15_00_00/vexv5/libv5rt.a(vex_competition.cpp.obj)
                0x00000000038039f8                vex::competition::competition()
                0x00000000038039f8                vex::competition::competition()
 .text._ZN3vex11competitionD2Ev
                0x0000000003803b34        0x4 /Users/dragonix22/Library/Application Support/Code/User/globalStorage/vexrobotics.vexcode/sdk/cpp/V5/V5_20240802_15_00_00/vexv5/libv5rt.a(vex_competition.cpp.obj)
                0x0000000003803b34                vex::competition::~competition()
                0x0000000003803b34                vex::competition::~competition()
 .text._ZN3vex11competition10autonomousEPFvvE
                0x0000000003803b38       0x44 /Users/dragonix22/Library/Application Support/Code/User/globalStorage/vexrobotics.vexcode/sdk/cpp/V5/V5_20240802_15_00_00/vexv5/libv5rt.a(vex_competition.cpp.obj)
                0x0000000003803b38                vex::competition::autonomous(void (*)())
 .text._ZN3vex11competition13drivercontrolEPFvvE
                0x0000000003803b7c       0x44 /Users/dragonix22/Library/Application Support/Code/User/globalStorage/vexrobotics.vexcode/sdk/cpp/V5/V5_20240802_15_00_00/vexv5/libv5rt.a(vex_competition.cpp.obj)
                0x0000000003803b7c                vex::competition::drivercontrol(void (*)())
 .text._ZN3vex7triportD2Ev
                0x0000000003803bc0       0x38 /Users/dragonix22/Library/Application Support/Code/User/globalStorage/vexrobotics.vexcode/sdk/cpp/V5/V5_20240802_15_00_00/vexv5/libv5rt.a(vex_triport.cpp.obj)
                0x0000000003803bc0                vex::triport::~triport()
                0x0000000003803bc0                vex::triport::~triport()
 .text._ZN3vex7triportD0Ev
                0x0000000003803bf8       0x1c /Users/dragonix22/Library/Application Support/Code/User/globalStorage/vexrobotics.vexcode/sdk/cpp/V5/V5_20240802_15_00_00/vexv5/libv5rt.a(vex_triport.cpp.obj)
                0x0000000003803bf8                vex::triport::~triport()
 .text._ZN3vex7triport9installedEv
                0x0000000003803c14       0x18 /Users/dragonix22/Library/Application Support/Code/User/globalStorage/vexrobotics.vexcode/sdk/cpp/V5/V5_20240802_15_00_00/vexv5/libv5rt.a(vex_triport.cpp.obj)
                0x0000000003803c14                vex::triport::installed()
 .text._ZN3vex7triport4portC2ElPS0_
                0x0000000003803c2c       0x74 /Users/dragonix22/Library/Application Support/Code/User/globalStorage/vexrobotics.vexcode/sdk/cpp/V5/V5_20240802_15_00_00/vexv5/libv5rt.a(vex_triport.cpp.obj)
                0x0000000003803c2c                vex::triport::port::port(long, vex::triport*)
                0x0000000003803c2c                vex::triport::port::port(long, vex::triport*)
 .text._ZN3vex7triportC2El
                0x0000000003803ca0       0xf0 /Users/dragonix22/Library/Application Support/Code/User/globalStorage/vexrobotics.vexcode/sdk/cpp/V5/V5_20240802_15_00_00/vexv5/libv5rt.a(vex_triport.cpp.obj)
                0x0000000003803ca0                vex::triport::triport(long)
                0x0000000003803ca0                vex::triport::triport(long)
 .text._ZN3vex7triport4port4typeENS_11triportTypeE
                0x0000000003803d90       0x30 /Users/dragonix22/Library/Application Support/Code/User/globalStorage/vexrobotics.vexcode/sdk/cpp/V5/V5_20240802_15_00_00/vexv5/libv5rt.a(vex_triport.cpp.obj)
                0x0000000003803d90                vex::triport::port::type(vex::triportType)
 .text._ZN3vex7triport4port4typeEv
                0x0000000003803dc0       0x38 /Users/dragonix22/Library/Application Support/Code/User/globalStorage/vexrobotics.vexcode/sdk/cpp/V5/V5_20240802_15_00_00/vexv5/libv5rt.a(vex_triport.cpp.obj)
                0x0000000003803dc0                vex::triport::port::type()
 .text._ZN3vex7triport4port5valueEl
                0x0000000003803df8       0x18 /Users/dragonix22/Library/Application Support/Code/User/globalStorage/vexrobotics.vexcode/sdk/cpp/V5/V5_20240802_15_00_00/vexv5/libv5rt.a(vex_triport.cpp.obj)
                0x0000000003803df8                vex::triport::port::value(long)
 .text._ZN3vex7triport4port7pressedEPFvvE
                0x0000000003803e10       0x20 /Users/dragonix22/Library/Application Support/Code/User/globalStorage/vexrobotics.vexcode/sdk/cpp/V5/V5_20240802_15_00_00/vexv5/libv5rt.a(vex_triport.cpp.obj)
                0x0000000003803e10                vex::triport::port::pressed(void (*)())
 .text._ZN3vex11__trideviceC2ERNS_7triport4portENS_11triportTypeE
                0x0000000003803e30       0x5c /Users/dragonix22/Library/Application Support/Code/User/globalStorage/vexrobotics.vexcode/sdk/cpp/V5/V5_20240802_15_00_00/vexv5/libv5rt.a(vex_triport.cpp.obj)
                0x0000000003803e30                vex::__tridevice::__tridevice(vex::triport::port&, vex::triportType)
                0x0000000003803e30                vex::__tridevice::__tridevice(vex::triport::port&, vex::triportType)
 .text._ZN3vex6bumperC2ERNS_7triport4portE
                0x0000000003803e8c       0x28 /Users/dragonix22/Library/Application Support/Code/User/globalStorage/vexrobotics.vexcode/sdk/cpp/V5/V5_20240802_15_00_00/vexv5/libv5rt.a(vex_triport.cpp.obj)
                0x0000000003803e8c                vex::bumper::bumper(vex::triport::port&)
                0x0000000003803e8c                vex::bumper::bumper(vex::triport::port&)
 .text._ZN3vex6bumperD2Ev
                0x0000000003803eb4        0x4 /Users/dragonix22/Library/Application Support/Code/User/globalStorage/vexrobotics.vexcode/sdk/cpp/V5/V5_20240802_15_00_00/vexv5/libv5rt.a(vex_triport.cpp.obj)
                0x0000000003803eb4                vex::bumper::~bumper()
                0x0000000003803eb4                vex::bumper::~bumper()
 .text._ZN3vex6bumper7pressedEPFvvE
                0x0000000003803eb8        0x8 /Users/dragonix22/Library/Application Support/Code/User/globalStorage/vexrobotics.vexcode/sdk/cpp/V5/V5_20240802_15_00_00/vexv5/libv5rt.a(vex_triport.cpp.obj)
                0x0000000003803eb8                vex::bumper::pressed(void (*)())
 .text._ZN3vex11digital_outC2ERNS_7triport4portE
                0x0000000003803ec0       0x18 /Users/dragonix22/Library/Application Support/Code/User/globalStorage/vexrobotics.vexcode/sdk/cpp/V5/V5_20240802_15_00_00/vexv5/libv5rt.a(vex_triport.cpp.obj)
                0x0000000003803ec0                vex::digital_out::digital_out(vex::triport::port&)
                0x0000000003803ec0                vex::digital_out::digital_out(vex::triport::port&)
 .text._ZN3vex11digital_outD2Ev
                0x0000000003803ed8        0x4 /Users/dragonix22/Library/Application Support/Code/User/globalStorage/vexrobotics.vexcode/sdk/cpp/V5/V5_20240802_15_00_00/vexv5/libv5rt.a(vex_triport.cpp.obj)
                0x0000000003803ed8                vex::digital_out::~digital_out()
                0x0000000003803ed8                vex::digital_out::~digital_out()
 .text._ZN3vex11digital_out3setEb
                0x0000000003803edc        0x8 /Users/dragonix22/Library/Application Support/Code/User/globalStorage/vexrobotics.vexcode/sdk/cpp/V5/V5_20240802_15_00_00/vexv5/libv5rt.a(vex_triport.cpp.obj)
                0x0000000003803edc                vex::digital_out::set(bool)
 .text._ZN3vex5colorD2Ev
                0x0000000003803ee4        0x4 /Users/dragonix22/Library/Application Support/Code/User/globalStorage/vexrobotics.vexcode/sdk/cpp/V5/V5_20240802_15_00_00/vexv5/libv5rt.a(vex_color.cpp.obj)
                0x0000000003803ee4                vex::color::~color()
                0x0000000003803ee4                vex::color::~color()
 .text._ZNK3vex5colorcvmEv
                0x0000000003803ee8        0x8 /Users/dragonix22/Library/Application Support/Code/User/globalStorage/vexrobotics.vexcode/sdk/cpp/V5/V5_20240802_15_00_00/vexv5/libv5rt.a(vex_color.cpp.obj)
                0x0000000003803ee8                vex::color::operator unsigned long() const
 .text._ZNK3vex5color13isTransparentEv
                0x0000000003803ef0        0x8 /Users/dragonix22/Library/Application Support/Code/User/globalStorage/vexrobotics.vexcode/sdk/cpp/V5/V5_20240802_15_00_00/vexv5/libv5rt.a(vex_color.cpp.obj)
                0x0000000003803ef0                vex::color::isTransparent() const
 .text.startup._GLOBAL__sub_I__ZN3vex5color5blackE
                0x0000000003803ef8      0x164 /Users/dragonix22/Library/Application Support/Code/User/globalStorage/vexrobotics.vexcode/sdk/cpp/V5/V5_20240802_15_00_00/vexv5/libv5rt.a(vex_color.cpp.obj)
 .text._ZN3vex5timerD2Ev
                0x000000000380405c        0x4 /Users/dragonix22/Library/Application Support/Code/User/globalStorage/vexrobotics.vexcode/sdk/cpp/V5/V5_20240802_15_00_00/vexv5/libv5rt.a(vex_timer.cpp.obj)
                0x000000000380405c                vex::timer::~timer()
                0x000000000380405c                vex::timer::~timer()
 .text._ZN3vex5timer5clearEv
                0x0000000003804060       0x1c /Users/dragonix22/Library/Application Support/Code/User/globalStorage/vexrobotics.vexcode/sdk/cpp/V5/V5_20240802_15_00_00/vexv5/libv5rt.a(vex_timer.cpp.obj)
                0x0000000003804060                vex::timer::clear()
 .text._ZN3vex5timerC2Ev
                0x000000000380407c       0x14 /Users/dragonix22/Library/Application Support/Code/User/globalStorage/vexrobotics.vexcode/sdk/cpp/V5/V5_20240802_15_00_00/vexv5/libv5rt.a(vex_timer.cpp.obj)
                0x000000000380407c                vex::timer::timer()
                0x000000000380407c                vex::timer::timer()
 .text.vexAdiPortConfigSet
                0x0000000003804090       0x28 /Users/dragonix22/Library/Application Support/Code/User/globalStorage/vexrobotics.vexcode/sdk/cpp/V5/V5_20240802_15_00_00/vexv5/libv5rt.a(v5_apiuser.c.obj)
                0x0000000003804090                vexAdiPortConfigSet
 .text.vexAdiPortConfigGet
                0x00000000038040b8       0x28 /Users/dragonix22/Library/Application Support/Code/User/globalStorage/vexrobotics.vexcode/sdk/cpp/V5/V5_20240802_15_00_00/vexv5/libv5rt.a(v5_apiuser.c.obj)
                0x00000000038040b8                vexAdiPortConfigGet
 .text.vexAdiValueSet
                0x00000000038040e0       0x28 /Users/dragonix22/Library/Application Support/Code/User/globalStorage/vexrobotics.vexcode/sdk/cpp/V5/V5_20240802_15_00_00/vexv5/libv5rt.a(v5_apiuser.c.obj)
                0x00000000038040e0                vexAdiValueSet
 .text.vexMotorVelocitySet
                0x0000000003804108       0x20 /Users/dragonix22/Library/Application Support/Code/User/globalStorage/vexrobotics.vexcode/sdk/cpp/V5/V5_20240802_15_00_00/vexv5/libv5rt.a(v5_apiuser.c.obj)
                0x0000000003804108                vexMotorVelocitySet
 .text.vexMotorActualVelocityGet
                0x0000000003804128       0x24 /Users/dragonix22/Library/Application Support/Code/User/globalStorage/vexrobotics.vexcode/sdk/cpp/V5/V5_20240802_15_00_00/vexv5/libv5rt.a(v5_apiuser.c.obj)
                0x0000000003804128                vexMotorActualVelocityGet
 .text.vexMotorReverseFlagSet
                0x000000000380414c       0x20 /Users/dragonix22/Library/Application Support/Code/User/globalStorage/vexrobotics.vexcode/sdk/cpp/V5/V5_20240802_15_00_00/vexv5/libv5rt.a(v5_apiuser.c.obj)
                0x000000000380414c                vexMotorReverseFlagSet
 .text.vexMotorEncoderUnitsSet
                0x000000000380416c       0x20 /Users/dragonix22/Library/Application Support/Code/User/globalStorage/vexrobotics.vexcode/sdk/cpp/V5/V5_20240802_15_00_00/vexv5/libv5rt.a(v5_apiuser.c.obj)
                0x000000000380416c                vexMotorEncoderUnitsSet
 .text.vexMotorBrakeModeSet
                0x000000000380418c       0x20 /Users/dragonix22/Library/Application Support/Code/User/globalStorage/vexrobotics.vexcode/sdk/cpp/V5/V5_20240802_15_00_00/vexv5/libv5rt.a(v5_apiuser.c.obj)
                0x000000000380418c                vexMotorBrakeModeSet
 .text.vexMotorPositionSet
                0x00000000038041ac       0x28 /Users/dragonix22/Library/Application Support/Code/User/globalStorage/vexrobotics.vexcode/sdk/cpp/V5/V5_20240802_15_00_00/vexv5/libv5rt.a(v5_apiuser.c.obj)
                0x00000000038041ac                vexMotorPositionSet
 .text.vexMotorPositionGet
                0x00000000038041d4       0x24 /Users/dragonix22/Library/Application Support/Code/User/globalStorage/vexrobotics.vexcode/sdk/cpp/V5/V5_20240802_15_00_00/vexv5/libv5rt.a(v5_apiuser.c.obj)
                0x00000000038041d4                vexMotorPositionGet
 .text.vexMotorGearingGet
                0x00000000038041f8       0x18 /Users/dragonix22/Library/Application Support/Code/User/globalStorage/vexrobotics.vexcode/sdk/cpp/V5/V5_20240802_15_00_00/vexv5/libv5rt.a(v5_apiuser.c.obj)
                0x00000000038041f8                vexMotorGearingGet
 .text.vexImuReset
                0x0000000003804210       0x10 /Users/dragonix22/Library/Application Support/Code/User/globalStorage/vexrobotics.vexcode/sdk/cpp/V5/V5_20240802_15_00_00/vexv5/libv5rt.a(v5_apiuser.c.obj)
                0x0000000003804210                vexImuReset
 .text.vexImuHeadingGet
                0x0000000003804220       0x10 /Users/dragonix22/Library/Application Support/Code/User/globalStorage/vexrobotics.vexcode/sdk/cpp/V5/V5_20240802_15_00_00/vexv5/libv5rt.a(v5_apiuser.c.obj)
                0x0000000003804220                vexImuHeadingGet
 .text.vexImuDegreesGet
                0x0000000003804230       0x10 /Users/dragonix22/Library/Application Support/Code/User/globalStorage/vexrobotics.vexcode/sdk/cpp/V5/V5_20240802_15_00_00/vexv5/libv5rt.a(v5_apiuser.c.obj)
                0x0000000003804230                vexImuDegreesGet
 .text.vexImuStatusGet
                0x0000000003804240       0x10 /Users/dragonix22/Library/Application Support/Code/User/globalStorage/vexrobotics.vexcode/sdk/cpp/V5/V5_20240802_15_00_00/vexv5/libv5rt.a(v5_apiuser.c.obj)
                0x0000000003804240                vexImuStatusGet
 .text.vexEventMaskSet
                0x0000000003804250       0x28 /Users/dragonix22/Library/Application Support/Code/User/globalStorage/vexrobotics.vexcode/sdk/cpp/V5/V5_20240802_15_00_00/vexv5/libv5rt.a(v5_apiuser.c.obj)
                0x0000000003804250                vexEventMaskSet
 .text.vexEventMaskGet
                0x0000000003804278       0x18 /Users/dragonix22/Library/Application Support/Code/User/globalStorage/vexrobotics.vexcode/sdk/cpp/V5/V5_20240802_15_00_00/vexv5/libv5rt.a(v5_apiuser.c.obj)
                0x0000000003804278                vexEventMaskGet
 .text._ZN3vex6deviceD2Ev
                0x0000000003804290        0x4 /Users/dragonix22/Library/Application Support/Code/User/globalStorage/vexrobotics.vexcode/sdk/cpp/V5/V5_20240802_15_00_00/vexv5/libv5rt.a(vex_device.cpp.obj)
                0x0000000003804290                vex::device::~device()
                0x0000000003804290                vex::device::~device()
 .text._ZN3vex6device5valueEv
                0x0000000003804294        0x8 /Users/dragonix22/Library/Application Support/Code/User/globalStorage/vexrobotics.vexcode/sdk/cpp/V5/V5_20240802_15_00_00/vexv5/libv5rt.a(vex_device.cpp.obj)
                0x0000000003804294                vex::device::value()
 .text._ZN3vex6deviceD0Ev
                0x000000000380429c       0x14 /Users/dragonix22/Library/Application Support/Code/User/globalStorage/vexrobotics.vexcode/sdk/cpp/V5/V5_20240802_15_00_00/vexv5/libv5rt.a(vex_device.cpp.obj)
                0x000000000380429c                vex::device::~device()
 .text._ZN3vex6device4initEl
                0x00000000038042b0       0x30 /Users/dragonix22/Library/Application Support/Code/User/globalStorage/vexrobotics.vexcode/sdk/cpp/V5/V5_20240802_15_00_00/vexv5/libv5rt.a(vex_device.cpp.obj)
                0x00000000038042b0                vex::device::init(long)
 .text._ZN3vex6deviceC2El
                0x00000000038042e0       0x20 /Users/dragonix22/Library/Application Support/Code/User/globalStorage/vexrobotics.vexcode/sdk/cpp/V5/V5_20240802_15_00_00/vexv5/libv5rt.a(vex_device.cpp.obj)
                0x00000000038042e0                vex::device::device(long)
                0x00000000038042e0                vex::device::device(long)
 .text._ZN3vex6device4typeEv
                0x0000000003804300       0x10 /Users/dragonix22/Library/Application Support/Code/User/globalStorage/vexrobotics.vexcode/sdk/cpp/V5/V5_20240802_15_00_00/vexv5/libv5rt.a(vex_device.cpp.obj)
                0x0000000003804300                vex::device::type()
 .text._ZN3vex6device9installedEv
                0x0000000003804310       0x14 /Users/dragonix22/Library/Application Support/Code/User/globalStorage/vexrobotics.vexcode/sdk/cpp/V5/V5_20240802_15_00_00/vexv5/libv5rt.a(vex_device.cpp.obj)
                0x0000000003804310                vex::device::installed()
 .text._ZN3vex4taskC2EPFivE
                0x0000000003804324       0x5c /Users/dragonix22/Library/Application Support/Code/User/globalStorage/vexrobotics.vexcode/sdk/cpp/V5/V5_20240802_15_00_00/vexv5/libv5rt.a(vex_task.cpp.obj)
                0x0000000003804324                vex::task::task(int (*)())
                0x0000000003804324                vex::task::task(int (*)())
 .text._ZN3vex4taskD2Ev
                0x0000000003804380        0x4 /Users/dragonix22/Library/Application Support/Code/User/globalStorage/vexrobotics.vexcode/sdk/cpp/V5/V5_20240802_15_00_00/vexv5/libv5rt.a(vex_task.cpp.obj)
                0x0000000003804380                vex::task::~task()
                0x0000000003804380                vex::task::~task()
 .text._ZN3vex4task4stopEPvi
                0x0000000003804384       0x1c /Users/dragonix22/Library/Application Support/Code/User/globalStorage/vexrobotics.vexcode/sdk/cpp/V5/V5_20240802_15_00_00/vexv5/libv5rt.a(vex_task.cpp.obj)
                0x0000000003804384                vex::task::stop(void*, int)
 .text._ZN3vex4task6_indexEPFivE
                0x00000000038043a0       0x14 /Users/dragonix22/Library/Application Support/Code/User/globalStorage/vexrobotics.vexcode/sdk/cpp/V5/V5_20240802_15_00_00/vexv5/libv5rt.a(vex_task.cpp.obj)
                0x00000000038043a0                vex::task::_index(int (*)())
 .text._ZN3vex4task8_stopAllEv
                0x00000000038043b4       0x3c /Users/dragonix22/Library/Application Support/Code/User/globalStorage/vexrobotics.vexcode/sdk/cpp/V5/V5_20240802_15_00_00/vexv5/libv5rt.a(vex_task.cpp.obj)
                0x00000000038043b4                vex::task::_stopAll()
 .text.__libc_fini_array
                0x00000000038043f0       0x30 /Users/dragonix22/Library/Application Support/Code/User/globalStorage/vexrobotics.vexcode/sdk/cpp/V5/V5_20240802_15_00_00/vexv5/gcc/libs/libc.a(lib_a-fini.o)
                0x00000000038043f0                __libc_fini_array
 .text.__libc_init_array
                0x0000000003804420       0x58 /Users/dragonix22/Library/Application Support/Code/User/globalStorage/vexrobotics.vexcode/sdk/cpp/V5/V5_20240802_15_00_00/vexv5/gcc/libs/libc.a(lib_a-init.o)
                0x0000000003804420                __libc_init_array
 .text.__libc_init_array.__stub
                0x0000000003804478       0x18 linker stubs
 *(.gnu.linkonce.t.*)
 *(.plt)
 *(.gnu_warning)
 *(.gcc_except_table)
 *(.glue_7)
 .glue_7        0x0000000003804490        0x0 linker stubs
 *(.glue_7t)
 .glue_7t       0x0000000003804490        0x0 linker stubs
 *(.vfp11_veneer)
 .vfp11_veneer  0x0000000003804490        0x0 linker stubs
 *(.ARM.extab)
 *(.gnu.linkonce.armextab.*)

.v4_bx          0x0000000003804490        0x0
 .v4_bx         0x0000000003804490        0x0 linker stubs

.iplt           0x0000000003804490        0x0
 .iplt          0x0000000003804490        0x0 build/src/main.o

.init
 *(.init)

.fini
 *(.fini)

.rodata         0x0000000003804490      0x2d8
                0x0000000003804490                __rodata_start = .
 *(.rodata)
 *(.rodata.*)
 .rodata.str1.1
                0x0000000003804490       0x9f build/src/main.o
                                         0xa2 (size before relaxing)
 *fill*         0x000000000380452f        0x1 
 .rodata..L__const._Z9pre_autonv.autonButtons
                0x0000000003804530       0x60 build/src/main.o
 .rodata.str1.1
                0x0000000003804590       0x2e /Users/dragonix22/Library/Application Support/Code/User/globalStorage/vexrobotics.vexcode/sdk/cpp/V5/V5_20240802_15_00_00/vexv5/libv5rt.a(v5_startup.c.obj)
 *fill*         0x00000000038045be        0x2 
 .rodata._ZN3vex5PORT1E
                0x00000000038045c0        0x4 /Users/dragonix22/Library/Application Support/Code/User/globalStorage/vexrobotics.vexcode/sdk/cpp/V5/V5_20240802_15_00_00/vexv5/libv5rt.a(vex_global.cpp.obj)
                0x00000000038045c0                vex::PORT1
 .rodata._ZN3vex7reverseE
                0x00000000038045c4        0x4 /Users/dragonix22/Library/Application Support/Code/User/globalStorage/vexrobotics.vexcode/sdk/cpp/V5/V5_20240802_15_00_00/vexv5/libv5rt.a(vex_global.cpp.obj)
                0x00000000038045c4                vex::reverse
 .rodata._ZN3vex6PORT10E
                0x00000000038045c8        0x4 /Users/dragonix22/Library/Application Support/Code/User/globalStorage/vexrobotics.vexcode/sdk/cpp/V5/V5_20240802_15_00_00/vexv5/libv5rt.a(vex_global.cpp.obj)
                0x00000000038045c8                vex::PORT10
 .rodata._ZN3vex5PORT5E
                0x00000000038045cc        0x4 /Users/dragonix22/Library/Application Support/Code/User/globalStorage/vexrobotics.vexcode/sdk/cpp/V5/V5_20240802_15_00_00/vexv5/libv5rt.a(vex_global.cpp.obj)
                0x00000000038045cc                vex::PORT5
 .rodata._ZN3vex7forwardE
                0x00000000038045d0        0x4 /Users/dragonix22/Library/Application Support/Code/User/globalStorage/vexrobotics.vexcode/sdk/cpp/V5/V5_20240802_15_00_00/vexv5/libv5rt.a(vex_global.cpp.obj)
                0x00000000038045d0                vex::forward
 .rodata._ZN3vex6mono30E
                0x00000000038045d4        0x4 /Users/dragonix22/Library/Application Support/Code/User/globalStorage/vexrobotics.vexcode/sdk/cpp/V5/V5_20240802_15_00_00/vexv5/libv5rt.a(vex_global.cpp.obj)
                0x00000000038045d4                vex::mono30
 .rodata._ZN3vex3pctE
                0x00000000038045d8        0x4 /Users/dragonix22/Library/Application Support/Code/User/globalStorage/vexrobotics.vexcode/sdk/cpp/V5/V5_20240802_15_00_00/vexv5/libv5rt.a(vex_global.cpp.obj)
                0x00000000038045d8                vex::pct
 .rodata._ZN3vex3secE
                0x00000000038045dc        0x4 /Users/dragonix22/Library/Application Support/Code/User/globalStorage/vexrobotics.vexcode/sdk/cpp/V5/V5_20240802_15_00_00/vexv5/libv5rt.a(vex_global.cpp.obj)
                0x00000000038045dc                vex::sec
 .rodata._ZN3vex3redE
                0x00000000038045e0        0x4 /Users/dragonix22/Library/Application Support/Code/User/globalStorage/vexrobotics.vexcode/sdk/cpp/V5/V5_20240802_15_00_00/vexv5/libv5rt.a(vex_global.cpp.obj)
                0x00000000038045e0                vex::red
 .rodata._ZN3vex5blackE
                0x00000000038045e4        0x4 /Users/dragonix22/Library/Application Support/Code/User/globalStorage/vexrobotics.vexcode/sdk/cpp/V5/V5_20240802_15_00_00/vexv5/libv5rt.a(vex_global.cpp.obj)
                0x00000000038045e4                vex::black
 .rodata._ZN3vex4msecE
                0x00000000038045e8        0x4 /Users/dragonix22/Library/Application Support/Code/User/globalStorage/vexrobotics.vexcode/sdk/cpp/V5/V5_20240802_15_00_00/vexv5/libv5rt.a(vex_global.cpp.obj)
                0x00000000038045e8                vex::msec
 .rodata._ZN3vex4blueE
                0x00000000038045ec        0x4 /Users/dragonix22/Library/Application Support/Code/User/globalStorage/vexrobotics.vexcode/sdk/cpp/V5/V5_20240802_15_00_00/vexv5/libv5rt.a(vex_global.cpp.obj)
                0x00000000038045ec                vex::blue
 .rodata._ZN3vex6PORT21E
                0x00000000038045f0        0x4 /Users/dragonix22/Library/Application Support/Code/User/globalStorage/vexrobotics.vexcode/sdk/cpp/V5/V5_20240802_15_00_00/vexv5/libv5rt.a(vex_global.cpp.obj)
                0x00000000038045f0                vex::PORT21
 .rodata._ZN3vex5PORT2E
                0x00000000038045f4        0x4 /Users/dragonix22/Library/Application Support/Code/User/globalStorage/vexrobotics.vexcode/sdk/cpp/V5/V5_20240802_15_00_00/vexv5/libv5rt.a(vex_global.cpp.obj)
                0x00000000038045f4                vex::PORT2
 .rodata._ZN3vex6PORT11E
                0x00000000038045f8        0x4 /Users/dragonix22/Library/Application Support/Code/User/globalStorage/vexrobotics.vexcode/sdk/cpp/V5/V5_20240802_15_00_00/vexv5/libv5rt.a(vex_global.cpp.obj)
                0x00000000038045f8                vex::PORT11
 .rodata._ZN3vex5PORT6E
                0x00000000038045fc        0x4 /Users/dragonix22/Library/Application Support/Code/User/globalStorage/vexrobotics.vexcode/sdk/cpp/V5/V5_20240802_15_00_00/vexv5/libv5rt.a(vex_global.cpp.obj)
                0x00000000038045fc                vex::PORT6
 .rodata._ZN3vex5greenE
                0x0000000003804600        0x4 /Users/dragonix22/Library/Application Support/Code/User/globalStorage/vexrobotics.vexcode/sdk/cpp/V5/V5_20240802_15_00_00/vexv5/libv5rt.a(vex_global.cpp.obj)
                0x0000000003804600                vex::green
 .rodata._ZN3vex7percentE
                0x0000000003804604        0x4 /Users/dragonix22/Library/Application Support/Code/User/globalStorage/vexrobotics.vexcode/sdk/cpp/V5/V5_20240802_15_00_00/vexv5/libv5rt.a(vex_global.cpp.obj)
                0x0000000003804604                vex::percent
 .rodata._ZN3vex7degreesE
                0x0000000003804608        0x4 /Users/dragonix22/Library/Application Support/Code/User/globalStorage/vexrobotics.vexcode/sdk/cpp/V5/V5_20240802_15_00_00/vexv5/libv5rt.a(vex_global.cpp.obj)
                0x0000000003804608                vex::degrees
 .rodata._ZN3vex6PORT22E
                0x000000000380460c        0x4 /Users/dragonix22/Library/Application Support/Code/User/globalStorage/vexrobotics.vexcode/sdk/cpp/V5/V5_20240802_15_00_00/vexv5/libv5rt.a(vex_global.cpp.obj)
                0x000000000380460c                vex::PORT22
 .rodata._ZN3vex4holdE
                0x0000000003804610        0x4 /Users/dragonix22/Library/Application Support/Code/User/globalStorage/vexrobotics.vexcode/sdk/cpp/V5/V5_20240802_15_00_00/vexv5/libv5rt.a(vex_global.cpp.obj)
                0x0000000003804610                vex::hold
 .rodata._ZN3vex6mono60E
                0x0000000003804614        0x4 /Users/dragonix22/Library/Application Support/Code/User/globalStorage/vexrobotics.vexcode/sdk/cpp/V5/V5_20240802_15_00_00/vexv5/libv5rt.a(vex_global.cpp.obj)
                0x0000000003804614                vex::mono60
 .rodata._ZN3vex5PORT4E
                0x0000000003804618        0x4 /Users/dragonix22/Library/Application Support/Code/User/globalStorage/vexrobotics.vexcode/sdk/cpp/V5/V5_20240802_15_00_00/vexv5/libv5rt.a(vex_global.cpp.obj)
                0x0000000003804618                vex::PORT4
 .rodata._ZN3vex6PORT17E
                0x000000000380461c        0x4 /Users/dragonix22/Library/Application Support/Code/User/globalStorage/vexrobotics.vexcode/sdk/cpp/V5/V5_20240802_15_00_00/vexv5/libv5rt.a(vex_global.cpp.obj)
                0x000000000380461c                vex::PORT17
 .rodata._ZTVN3vex5motorE
                0x0000000003804620       0x18 /Users/dragonix22/Library/Application Support/Code/User/globalStorage/vexrobotics.vexcode/sdk/cpp/V5/V5_20240802_15_00_00/vexv5/libv5rt.a(vex_motor.cpp.obj)
                0x0000000003804620                vtable for vex::motor
 .rodata._ZTVN3vex8inertialE
                0x0000000003804638       0x68 /Users/dragonix22/Library/Application Support/Code/User/globalStorage/vexrobotics.vexcode/sdk/cpp/V5/V5_20240802_15_00_00/vexv5/libv5rt.a(vex_imu.cpp.obj)
                0x0000000003804638                vtable for vex::inertial
 .rodata.CSWTCH.16
                0x00000000038046a0        0xb /Users/dragonix22/Library/Application Support/Code/User/globalStorage/vexrobotics.vexcode/sdk/cpp/V5/V5_20240802_15_00_00/vexv5/libv5rt.a(vex_controller.cpp.obj)
 .rodata.CSWTCH.18
                0x00000000038046ab        0xb /Users/dragonix22/Library/Application Support/Code/User/globalStorage/vexrobotics.vexcode/sdk/cpp/V5/V5_20240802_15_00_00/vexv5/libv5rt.a(vex_controller.cpp.obj)
 .rodata.CSWTCH.24
                0x00000000038046b6        0x3 /Users/dragonix22/Library/Application Support/Code/User/globalStorage/vexrobotics.vexcode/sdk/cpp/V5/V5_20240802_15_00_00/vexv5/libv5rt.a(vex_controller.cpp.obj)
 .rodata.str1.1
                0x00000000038046b9       0x14 /Users/dragonix22/Library/Application Support/Code/User/globalStorage/vexrobotics.vexcode/sdk/cpp/V5/V5_20240802_15_00_00/vexv5/libv5rt.a(vex_thread.cpp.obj)
 .rodata.str1.1
                0x00000000038046cd       0x2d /Users/dragonix22/Library/Application Support/Code/User/globalStorage/vexrobotics.vexcode/sdk/cpp/V5/V5_20240802_15_00_00/vexv5/libv5rt.a(vex_brain.cpp.obj)
 *fill*         0x00000000038046fa        0x6 
 .rodata._ZTVN3vex7triportE
                0x0000000003804700       0x18 /Users/dragonix22/Library/Application Support/Code/User/globalStorage/vexrobotics.vexcode/sdk/cpp/V5/V5_20240802_15_00_00/vexv5/libv5rt.a(vex_triport.cpp.obj)
                0x0000000003804700                vtable for vex::triport
 .rodata.CSWTCH.39
                0x0000000003804718        0xe /Users/dragonix22/Library/Application Support/Code/User/globalStorage/vexrobotics.vexcode/sdk/cpp/V5/V5_20240802_15_00_00/vexv5/libv5rt.a(vex_triport.cpp.obj)
 .rodata.CSWTCH.44
                0x0000000003804726       0x10 /Users/dragonix22/Library/Application Support/Code/User/globalStorage/vexrobotics.vexcode/sdk/cpp/V5/V5_20240802_15_00_00/vexv5/libv5rt.a(vex_triport.cpp.obj)
 *fill*         0x0000000003804736        0x2 
 .rodata._ZTVN3vex6deviceE
                0x0000000003804738       0x18 /Users/dragonix22/Library/Application Support/Code/User/globalStorage/vexrobotics.vexcode/sdk/cpp/V5/V5_20240802_15_00_00/vexv5/libv5rt.a(vex_device.cpp.obj)
                0x0000000003804738                vtable for vex::device
 .rodata.str1.1
                0x0000000003804750       0x14 /Users/dragonix22/Library/Application Support/Code/User/globalStorage/vexrobotics.vexcode/sdk/cpp/V5/V5_20240802_15_00_00/vexv5/libv5rt.a(vex_task.cpp.obj)
 .rodata.str1.4
                0x0000000003804764        0x4 /Users/dragonix22/Library/Application Support/Code/User/globalStorage/vexrobotics.vexcode/sdk/cpp/V5/V5_20240802_15_00_00/vexv5/gcc/libs/libc.a(lib_a-impure.o)
                                          0x2 (size before relaxing)
 *(.gnu.linkonce.r.*)
                0x0000000003804768                __rodata_end = .

.rodata1        0x0000000003804768        0x0
                0x0000000003804768                __rodata1_start = .
 *(.rodata1)
 *(.rodata1.*)
                0x0000000003804768                __rodata1_end = .

.sdata2         0x0000000003804768        0x0
                0x0000000003804768                __sdata2_start = .
 *(.sdata2)
 *(.sdata2.*)
 *(.gnu.linkonce.s2.*)
                0x0000000003804768                __sdata2_end = .

.sbss2          0x0000000003804768        0x0
                0x0000000003804768                __sbss2_start = .
 *(.sbss2)
 *(.sbss2.*)
 *(.gnu.linkonce.sb2.*)
                0x0000000003804768                __sbss2_end = .

.data           0x0000000003804768      0x44c
                0x0000000003804768                __data_start = .
 *(.data)
 *(.data.*)
 .data.k_p_drive
                0x0000000003804768        0x8 build/src/main.o
                0x0000000003804768                k_p_drive
 .data.k_p_turn
                0x0000000003804770        0x8 build/src/main.o
                0x0000000003804770                k_p_turn
 .data.appRunning
                0x0000000003804778        0x4 /Users/dragonix22/Library/Application Support/Code/User/globalStorage/vexrobotics.vexcode/sdk/cpp/V5/V5_20240802_15_00_00/vexv5/libv5rt.a(v5_startup.c.obj)
                0x0000000003804778                appRunning
 .data.__yoff   0x000000000380477c        0x4 /Users/dragonix22/Library/Application Support/Code/User/globalStorage/vexrobotics.vexcode/sdk/cpp/V5/V5_20240802_15_00_00/vexv5/libv5rt.a(v5_apijump.c.obj)
 .data._ZN3vex24__default_motor_velocityE
                0x0000000003804780        0x4 /Users/dragonix22/Library/Application Support/Code/User/globalStorage/vexrobotics.vexcode/sdk/cpp/V5/V5_20240802_15_00_00/vexv5/libv5rt.a(vex_motor.cpp.obj)
                0x0000000003804780                vex::__default_motor_velocity
 *fill*         0x0000000003804784        0x4 
 .data.impure_data
                0x0000000003804788      0x428 /Users/dragonix22/Library/Application Support/Code/User/globalStorage/vexrobotics.vexcode/sdk/cpp/V5/V5_20240802_15_00_00/vexv5/gcc/libs/libc.a(lib_a-impure.o)
 .data._impure_ptr
                0x0000000003804bb0        0x4 /Users/dragonix22/Library/Application Support/Code/User/globalStorage/vexrobotics.vexcode/sdk/cpp/V5/V5_20240802_15_00_00/vexv5/gcc/libs/libc.a(lib_a-impure.o)
                0x0000000003804bb0                _impure_ptr
 *(.gnu.linkonce.d.*)
 *(.jcr)
 *(.got)
 *(.got.plt)
                0x0000000003804bb4                __data_end = .

.igot.plt       0x0000000003804bb4        0x0
 .igot.plt      0x0000000003804bb4        0x0 build/src/main.o

.data1          0x0000000003804bb4        0x0
                0x0000000003804bb4                __data1_start = .
 *(.data1)
 *(.data1.*)
                0x0000000003804bb4                __data1_end = .

.got
 *(.got)

.ctors          0x0000000003804bb4        0x0
                0x0000000003804bb4                __CTOR_LIST__ = .
                0x0000000003804bb4                ___CTORS_LIST___ = .
 *crtbegin.o(.ctors)
 *(EXCLUDE_FILE(*crtend.o) .ctors)
 *(SORT_BY_NAME(.ctors.*))
 *(.ctors)
                0x0000000003804bb4                __CTOR_END__ = .
                0x0000000003804bb4                ___CTORS_END___ = .

.dtors          0x0000000003804bb4        0x0
                0x0000000003804bb4                __DTOR_LIST__ = .
                0x0000000003804bb4                ___DTORS_LIST___ = .
 *crtbegin.o(.dtors)
 *(EXCLUDE_FILE(*crtend.o) .dtors)
 *(SORT_BY_NAME(.dtors.*))
 *(.dtors)
                0x0000000003804bb4                __DTOR_END__ = .
                0x0000000003804bb4                ___DTORS_END___ = .

.fixup          0x0000000003804bb4        0x0
                0x0000000003804bb4                __fixup_start = .
 *(.fixup)
                0x0000000003804bb4                __fixup_end = .

.eh_frame
 *(.eh_frame)

.eh_framehdr    0x0000000003804bb4        0x0
                0x0000000003804bb4                __eh_framehdr_start = .
 *(.eh_framehdr)
                0x0000000003804bb4                __eh_framehdr_end = .

.gcc_except_table
 *(.gcc_except_table)

.mmu_tbl        0x0000000003808000        0x0
                0x0000000003808000                __mmu_tbl_start = .
 *(.mmu_tbl)
                0x0000000003808000                __mmu_tbl_end = .

.ARM.exidx      0x0000000003804bb4        0x8
                0x0000000003804bb4                __exidx_start = .
 *(.ARM.exidx*)
 .ARM.exidx.text._Z16driveForwardPropd
                0x0000000003804bb4        0x8 build/src/main.o
 .ARM.exidx.text._Z16driveReversePropd
                0x0000000003804bbc        0x0 build/src/main.o
                                          0x8 (size before relaxing)
 .ARM.exidx.text._Z12turnLeftPropd
                0x0000000003804bbc        0x0 build/src/main.o
                                          0x8 (size before relaxing)
 .ARM.exidx.text._Z13turnRightPropd
                0x0000000003804bbc        0x0 build/src/main.o
                                          0x8 (size before relaxing)
 .ARM.exidx.text._Z7redLeftv
                0x0000000003804bbc        0x0 build/src/main.o
                                          0x8 (size before relaxing)
 .ARM.exidx.text._Z8redRightv
                0x0000000003804bbc        0x0 build/src/main.o
                                          0x8 (size before relaxing)
 .ARM.exidx.text._Z11skillsAutonv
                0x0000000003804bbc        0x0 build/src/main.o
                                          0x8 (size before relaxing)
 .ARM.exidx.text._Z9pre_autonv
                0x0000000003804bbc        0x0 build/src/main.o
                                          0x8 (size before relaxing)
 .ARM.exidx.text._Z10autonomousv
                0x0000000003804bbc        0x0 build/src/main.o
                                          0x8 (size before relaxing)
 .ARM.exidx.text._Z12wingManangerv
                0x0000000003804bbc        0x0 build/src/main.o
                                          0x8 (size before relaxing)
 .ARM.exidx.text._Z14adjustManangerv
                0x0000000003804bbc        0x0 build/src/main.o
                                          0x8 (size before relaxing)
 .ARM.exidx.text._Z13tongueManagerv
                0x0000000003804bbc        0x0 build/src/main.o
                                          0x8 (size before relaxing)
 .ARM.exidx.text._Z13intakeManagerv
                0x0000000003804bbc        0x0 build/src/main.o
                                          0x8 (size before relaxing)
 .ARM.exidx.text._Z8logDrived
                0x0000000003804bbc        0x0 build/src/main.o
                                          0x8 (size before relaxing)
 .ARM.exidx.text._Z12driveManagerv
                0x0000000003804bbc        0x0 build/src/main.o
                                          0x8 (size before relaxing)
 .ARM.exidx.text._Z14alignerManagerv
                0x0000000003804bbc        0x0 build/src/main.o
                                          0x8 (size before relaxing)
 .ARM.exidx.text._Z11usercontrolv
                0x0000000003804bbc        0x0 build/src/main.o
                                          0x8 (size before relaxing)
 .ARM.exidx.text.main
                0x0000000003804bbc        0x0 build/src/main.o
                                          0x8 (size before relaxing)
 .ARM.exidx.text._GLOBAL__sub_I_main.cpp
                0x0000000003804bbc        0x0 build/src/main.o
                                          0x8 (size before relaxing)
 *(.gnu.linkonce.armexidix.*.*)
                0x0000000003804bbc                __exidx_end = .

.rel.dyn        0x0000000003804bbc        0x0
 .rel.iplt      0x0000000003804bbc        0x0 build/src/main.o

.preinit_array  0x0000000003804bbc        0x0
                0x0000000003804bbc                __preinit_array_start = .
 *(SORT_BY_NAME(.preinit_array.*))
 *(.preinit_array)
                0x0000000003804bbc                __preinit_array_end = .

.init_array     0x0000000003804bbc        0x8
                0x0000000003804bbc                __init_array_start = .
 *(SORT_BY_NAME(.init_array.*))
 *(.init_array)
 .init_array    0x0000000003804bbc        0x4 build/src/main.o
 .init_array    0x0000000003804bc0        0x4 /Users/dragonix22/Library/Application Support/Code/User/globalStorage/vexrobotics.vexcode/sdk/cpp/V5/V5_20240802_15_00_00/vexv5/libv5rt.a(vex_color.cpp.obj)
                0x0000000003804bc4                __init_array_end = .

.fini_array     0x0000000003804bc4        0x0
                0x0000000003804bc4                __fini_array_start = .
 *(SORT_BY_NAME(.fini_array.*))
 *(.fini_array)
                0x0000000003804bc4                __fini_array_end = .

.ARM.attributes
                0x0000000003804bc4       0x3c
                0x0000000003804bc4                __ARM.attributes_start = .
 *(.ARM.attributes)
 .ARM.attributes
                0x0000000003804bc4       0x3a build/src/main.o
 .ARM.attributes
                0x0000000003804bfe       0x35 /Users/dragonix22/Library/Application Support/Code/User/globalStorage/vexrobotics.vexcode/sdk/cpp/V5/V5_20240802_15_00_00/vexv5/libv5rt.a(v5_startup.c.obj)
 .ARM.attributes
                0x0000000003804c33       0x35 /Users/dragonix22/Library/Application Support/Code/User/globalStorage/vexrobotics.vexcode/sdk/cpp/V5/V5_20240802_15_00_00/vexv5/libv5rt.a(v5_util.c.obj)
 .ARM.attributes
                0x0000000003804c68       0x35 /Users/dragonix22/Library/Application Support/Code/User/globalStorage/vexrobotics.vexcode/sdk/cpp/V5/V5_20240802_15_00_00/vexv5/libv5rt.a(v5_apijump.c.obj)
 .ARM.attributes
                0x0000000003804c9d       0x35 /Users/dragonix22/Library/Application Support/Code/User/globalStorage/vexrobotics.vexcode/sdk/cpp/V5/V5_20240802_15_00_00/vexv5/libv5rt.a(v5_apiversions.c.obj)
 .ARM.attributes
                0x0000000003804cd2       0x35 /Users/dragonix22/Library/Application Support/Code/User/globalStorage/vexrobotics.vexcode/sdk/cpp/V5/V5_20240802_15_00_00/vexv5/libv5rt.a(vex_global.cpp.obj)
 .ARM.attributes
                0x0000000003804d07       0x35 /Users/dragonix22/Library/Application Support/Code/User/globalStorage/vexrobotics.vexcode/sdk/cpp/V5/V5_20240802_15_00_00/vexv5/libv5rt.a(vex_motor.cpp.obj)
 .ARM.attributes
                0x0000000003804d3c       0x35 /Users/dragonix22/Library/Application Support/Code/User/globalStorage/vexrobotics.vexcode/sdk/cpp/V5/V5_20240802_15_00_00/vexv5/libv5rt.a(vex_imu.cpp.obj)
 .ARM.attributes